#
# There is insufficient memory for the Java Runtime Environment to continue.
# Native memory allocation (mmap) failed to map 264241152 bytes for G1 virtual space
# Possible reasons:
#   The system is out of physical RAM or swap space
#   The process is running with CompressedOops enabled, and the Java Heap may be blocking the growth of the native heap
# Possible solutions:
#   Reduce memory load on the system
#   Increase physical memory or swap space
#   Check if swap backing store is full
#   Decrease Java heap size (-Xmx/-Xms)
#   Decrease number of Java threads
#   Decrease Java thread stack sizes (-Xss)
#   Set larger code cache with -XX:ReservedCodeCacheSize=
#   JVM is running with Zero Based Compressed Oops mode in which the Java heap is
#     placed in the first 32GB address space. The Java Heap base address is the
#     maximum limit for the native heap growth. Please use -XX:HeapBaseMinAddress
#     to set the Java Heap base and to place the Java Heap above 32GB virtual address.
# This output file may be truncated or incomplete.
#
#  Out of Memory Error (os_windows.cpp:3603), pid=29264, tid=9424
#
# JRE version:  (21.0.9+7) (build )
# Java VM: Java HotSpot(TM) 64-Bit Server VM (21.0.9+7-LTS-338, mixed mode, sharing, tiered, compressed oops, compressed class ptrs, g1 gc, windows-amd64)
# No core dump will be written. Minidumps are not enabled by default on client versions of Windows
#

---------------  S U M M A R Y ------------

Command Line: liquibase.integration.commandline.Main --driver org.postgresql.Driver --changeLogFile it\ac\cargoflow\liquibase\changelog.xml --url jdbc:postgresql://localhost:5432/cargo_flowjmix --username postgres --password root update

Host: 12th Gen Intel(R) Core(TM) i7-1255U, 12 cores, 15G,  Windows 11 , 64 bit Build 26100 (10.0.26100.8328)
Time: Tue Jun  9 18:07:42 2026 ora legale Europa occidentale elapsed time: 0.918095 seconds (0d 0h 0m 0s)

---------------  T H R E A D  ---------------

Current thread (0x000001d42bcab7c0):  JavaThread "Unknown thread" [_thread_in_vm, id=9424, stack(0x000000048fc00000,0x000000048fd00000) (1024K)]

Stack: [0x000000048fc00000,0x000000048fd00000]
Native frames: (J=compiled Java code, j=interpreted, Vv=VM code, C=native code)
V  [jvm.dll+0x6cbf89]
V  [jvm.dll+0x858421]
V  [jvm.dll+0x85a94e]
V  [jvm.dll+0x85b023]
V  [jvm.dll+0x27ebc6]
V  [jvm.dll+0x6c8705]
V  [jvm.dll+0x6bd26a]
V  [jvm.dll+0x354a0a]
V  [jvm.dll+0x35c686]
V  [jvm.dll+0x3af79e]
V  [jvm.dll+0x3afa48]
V  [jvm.dll+0x328d1c]
V  [jvm.dll+0x32987b]
V  [jvm.dll+0x821739]
V  [jvm.dll+0x3bc481]
V  [jvm.dll+0x80a9b8]
V  [jvm.dll+0x45166e]
V  [jvm.dll+0x453261]
C  [jli.dll+0x52a3]
C  [ucrtbase.dll+0x37b0]
C  [KERNEL32.DLL+0x2e957]
C  [ntdll.dll+0x427c]


---------------  P R O C E S S  ---------------

Threads class SMR info:
_java_thread_list=0x00007ff8648afc08, length=0, elements={
}

Java Threads: ( => current thread )
Total: 0

Other Threads:
  0x000001d42c26a770 WorkerThread "GC Thread#0"                     [id=28232, stack(0x000000048fd00000,0x000000048fe00000) (1024K)]
  0x000001d42c27cbb0 ConcurrentGCThread "G1 Main Marker"            [id=2548, stack(0x000000048fe00000,0x000000048ff00000) (1024K)]
  0x000001d44a7e1c00 WorkerThread "G1 Conc#0"                       [id=9332, stack(0x000000048ff00000,0x0000000490000000) (1024K)]

[error occurred during error reporting (printing all threads), id 0xc0000005, EXCEPTION_ACCESS_VIOLATION (0xc0000005) at pc=0x00007ff86401b4a7]
VM state: not at safepoint (not fully initialized)

VM Mutex/Monitor currently owned by a thread:  ([mutex/lock_event])
[0x00007ff864920ef0] Heap_lock - owner thread: 0x000001d42bcab7c0

Heap address: 0x0000000705200000, size: 4014 MB, Compressed Oops mode: Zero based, Oop shift amount: 3

CDS archive(s) mapped at: [0x0000000000000000-0x0000000000000000-0x0000000000000000), size 0, SharedBaseAddress: 0x0000000800000000, ArchiveRelocationMode: 1.
Narrow klass base: 0x0000000000000000, Narrow klass shift: 0, Narrow klass range: 0x0

GC Precious Log:
 CardTable entry size: 512
 Card Set container configuration: InlinePtr #cards 4 size 8 Array Of Cards #cards 16 size 48 Howl #buckets 8 coarsen threshold 3686 Howl Bitmap #cards 512 size 80 coarsen threshold 460 Card regions per heap region 1 cards per card region 4096

Heap:
 garbage-first heap   total 0K, used 0K [0x0000000705200000, 0x0000000800000000)
  region size 2048K, 0 young (0K), 0 survivors (0K)

[error occurred during error reporting (printing heap information), id 0xc0000005, EXCEPTION_ACCESS_VIOLATION (0xc0000005) at pc=0x00007ff864404ff9]
GC Heap History (0 events):
No events

Dll operation events (1 events):
Event: 0.010 Loaded shared library C:\Program Files\Java\jdk-21\bin\java.dll

Deoptimization events (0 events):
No events

Classes loaded (0 events):
No events

Classes unloaded (0 events):
No events

Classes redefined (0 events):
No events

Internal exceptions (0 events):
No events

ZGC Phase Switch (0 events):
No events

VM Operations (0 events):
No events

Events (0 events):
No events


Dynamic libraries:
0x00007ff6ab3a0000 - 0x00007ff6ab3b0000 	C:\Program Files\Java\jdk-21\bin\java.exe
0x00007ff92f820000 - 0x00007ff92fa87000 	C:\WINDOWS\SYSTEM32\ntdll.dll
0x00007ff92e1a0000 - 0x00007ff92e269000 	C:\WINDOWS\System32\KERNEL32.DLL
0x00007ff92c430000 - 0x00007ff92c827000 	C:\WINDOWS\System32\KERNELBASE.dll
0x00007ff929780000 - 0x00007ff929820000 	C:\WINDOWS\SYSTEM32\apphelp.dll
0x00007ff92c830000 - 0x00007ff92c97b000 	C:\WINDOWS\System32\ucrtbase.dll
0x00007ff8f8200000 - 0x00007ff8f8219000 	C:\Program Files\Java\jdk-21\bin\jli.dll
0x00007ff8f6910000 - 0x00007ff8f692b000 	C:\Program Files\Java\jdk-21\bin\VCRUNTIME140.dll
0x00007ff92ee50000 - 0x00007ff92ef06000 	C:\WINDOWS\System32\ADVAPI32.dll
0x00007ff92e780000 - 0x00007ff92e829000 	C:\WINDOWS\System32\msvcrt.dll
0x00007ff92e0e0000 - 0x00007ff92e187000 	C:\WINDOWS\System32\sechost.dll
0x00007ff92ea50000 - 0x00007ff92eb68000 	C:\WINDOWS\System32\RPCRT4.dll
0x00007ff92e830000 - 0x00007ff92e9f6000 	C:\WINDOWS\System32\USER32.dll
0x00007ff92ca40000 - 0x00007ff92ca67000 	C:\WINDOWS\System32\win32u.dll
0x00007ff906020000 - 0x00007ff9062b2000 	C:\WINDOWS\WinSxS\amd64_microsoft.windows.common-controls_6595b64144ccf1df_6.0.26100.8457_none_3e0b2faee331e92d\COMCTL32.dll
0x00007ff92db80000 - 0x00007ff92dbab000 	C:\WINDOWS\System32\GDI32.dll
0x00007ff92c250000 - 0x00007ff92c37c000 	C:\WINDOWS\System32\gdi32full.dll
0x00007ff92c380000 - 0x00007ff92c423000 	C:\WINDOWS\System32\msvcp_win.dll
0x00007ff918610000 - 0x00007ff91861b000 	C:\WINDOWS\SYSTEM32\VERSION.dll
0x00007ff92f790000 - 0x00007ff92f7c2000 	C:\WINDOWS\System32\IMM32.DLL
0x00007ff903d80000 - 0x00007ff903d8c000 	C:\Program Files\Java\jdk-21\bin\vcruntime140_1.dll
0x00007ff8b8440000 - 0x00007ff8b84ce000 	C:\Program Files\Java\jdk-21\bin\msvcp140.dll
0x00007ff863ce0000 - 0x00007ff8649fd000 	C:\Program Files\Java\jdk-21\bin\server\jvm.dll
0x00007ff92e350000 - 0x00007ff92e3d0000 	C:\WINDOWS\System32\WS2_32.dll
0x00007ff92c0b0000 - 0x00007ff92c10e000 	C:\WINDOWS\SYSTEM32\POWRPROF.dll
0x00007ff924a00000 - 0x00007ff924a36000 	C:\WINDOWS\SYSTEM32\WINMM.dll
0x00007ff92c090000 - 0x00007ff92c0a4000 	C:\WINDOWS\SYSTEM32\UMPDC.dll
0x00007ff92afc0000 - 0x00007ff92afdb000 	C:\WINDOWS\SYSTEM32\kernel.appcore.dll
0x00007ff8faac0000 - 0x00007ff8faaca000 	C:\Program Files\Java\jdk-21\bin\jimage.dll
0x00007ff92a220000 - 0x00007ff92a462000 	C:\WINDOWS\SYSTEM32\DBGHELP.DLL
0x00007ff92e3e0000 - 0x00007ff92e763000 	C:\WINDOWS\System32\combase.dll
0x00007ff92e270000 - 0x00007ff92e349000 	C:\WINDOWS\System32\OLEAUT32.dll
0x00007ff8fd710000 - 0x00007ff8fd74b000 	C:\WINDOWS\SYSTEM32\dbgcore.DLL
0x00007ff92ca70000 - 0x00007ff92cb18000 	C:\WINDOWS\System32\bcryptPrimitives.dll
0x00007ff8f2200000 - 0x00007ff8f221f000 	C:\Program Files\Java\jdk-21\bin\java.dll

dbghelp: loaded successfully - version: 4.0.5 - missing functions: none
symbol engine: initialized successfully - sym options: 0x614 - pdb path: .;C:\Program Files\Java\jdk-21\bin;C:\WINDOWS\SYSTEM32;C:\WINDOWS\WinSxS\amd64_microsoft.windows.common-controls_6595b64144ccf1df_6.0.26100.8457_none_3e0b2faee331e92d;C:\Program Files\Java\jdk-21\bin\server

VM Arguments:
java_command: liquibase.integration.commandline.Main --driver org.postgresql.Driver --changeLogFile it\ac\cargoflow\liquibase\changelog.xml --url jdbc:postgresql://localhost:5432/cargo_flowjmix --username postgres --password root update
java_class_path (initial): C:/Users/andre/.gradle/caches/modules-2/files-2.1/io.jmix.core/jmix-core-starter/2.8.1/9a672042f6d2027d213d108aa21dcb7a36b6e58a/jmix-core-starter-2.8.1.jar;C:/Users/andre/.gradle/caches/modules-2/files-2.1/io.jmix.data/jmix-eclipselink-starter/2.8.1/a4b79cf8df803829efc2fb6b35365819bd836f38/jmix-eclipselink-starter-2.8.1.jar;C:/Users/andre/.gradle/caches/modules-2/files-2.1/io.jmix.security/jmix-security-starter/2.8.1/b1139253a07cbda1531464379b231e0ae15be240/jmix-security-starter-2.8.1.jar;C:/Users/andre/.gradle/caches/modules-2/files-2.1/io.jmix.security/jmix-security-flowui-starter/2.8.1/5eb77d55b5030576c3ed2069d1a572069dc964e7/jmix-security-flowui-starter-2.8.1.jar;C:/Users/andre/.gradle/caches/modules-2/files-2.1/io.jmix.security/jmix-security-data-starter/2.8.1/9a931d3b79eea6dfb7f069097aed6260888ee575/jmix-security-data-starter-2.8.1.jar;C:/Users/andre/.gradle/caches/modules-2/files-2.1/io.jmix.localfs/jmix-localfs-starter/2.8.1/71b891fa836c4020c640e11af2cde73393351d4d/jmix-localfs-starter-2.8.1.jar;C:/Users/andre/.gradle/caches/modules-2/files-2.1/io.jmix.flowui/jmix-flowui-starter/2.8.1/c4b062f662981fc3fa26a48d00c6e738f1ee02d7/jmix-flowui-starter-2.8.1.jar;C:/Users/andre/.gradle/caches/modules-2/files-2.1/io.jmix.flowui/jmix-flowui-data-starter/2.8.1/343f28692e8ed4e52476d3aac22f77274b67a5ac/jmix-flowui-data-starter-2.8.1.jar;C:/Users/andre/.gradle/caches/modules-2/files-2.1/io.jmix.flowui/jmix-flowui-themes/2.8.1/704030052872dc6bb0d288e6222b0ce8c102dcad/jmix-flowui-themes-2.8.1.jar;C:/Users/andre/.gradle/caches/modules-2/files-2.1/io.jmix.datatools/jmix-datatools-starter/2.8.1/1a732788509a75b4718256975890f12885a0a488/jmix-datatools-starter-2.8.1.jar;C:/Users/andre/.gradle/caches/modules-2/files-2.1/io.jmix.datatools/jmix-datatools-flowui-starter/2.8.1/1e13f3242581de7409342d4fdb7510ad30eca59a/jmix-datatools-flowui-starter-2.8.1.jar;C:/Users/andre/.gradle/caches/modules-2/files-2.1/org.springframework.boot/spring-boot-starter-web/3.5.13/c35eb22c4b380d61f17bd342a43a414b5f58ba32/spring-boot-starter-web-3.5.13.jar;C:/Users/andre/.gradle/caches/modules-2/files-2.1/org.postgresql/postgresql/42.7.10/35100a3f0899551e27af8fed4a3414619a4663b3/postgresql-42.7.10.jar;C:/Users/andre/.gradle/caches/modules-2/files-2.1/io.jmix.core/jmix-core/2.8.1/2a987fd4dada4dfc18569dd823c5269fca6d26ba/jmix-core-2.8.1.jar;C:/Users/andre/.gradle/caches/modules-2/files-2.1/io.jmix.data/jmix-eclipselink/2.8.1/d1d7806cc4944a9304c373255b8183bddde8e2a/jmix-eclipselink-2.8.1.jar;C:/Users/andre/.gradle/caches/modules-2/files-2.1/io.jmix.data/jmix-data-autoconfigure/2.8.1/c6cc75834eadf8288d2e7df9c778ba6811305d1b/jmix-data-autoconfigure-2.8.1.jar;C:/Users/andre/.gradle/caches/modules-2/files-2.1/io.jmix.security/jmix-security/2.8.1/4864a1a16839802accb1c2f11f29017305aed9a6/jmix-security-2.8.1.jar;C:/Users/andre/.gradle/caches/modules-2/files-2.1/org.springframework.boot/spring-boot-autoconfigure/3.5.13/cfb6296dddc1b37fb6e90162728e9f3ae46a9bd4/spring-boot-autoconfigure-3.5.13.jar;C:/Users/andre/.gradle/caches/modules-2/files-2.1/io.jmix.security/jmix-security-flowui/2.8.1/81b106a934b0e62aab8903258e0c64df73c0bc82/jmix-security-flowui-2.8.1.jar;C:/Users/andre/.gradle/caches/modules-2/files-2.1/io.jmix.security/jmix-security-data/2.8.1/b7f4210ac39160e2cbc5ba12cc7adc5f2456f2ff/jmix-security-data-2.8.1.jar;C:/Users/andre/.gradle/caches/modules-2/files-2.1/io.jmix.localfs/jmix-localfs/2.8.1/40a7538881a4fe03e19ad90b5b39dbf7520cabe2/jmix-localfs-2.8.1.jar;C:/Users/andre/.gradle/caches/modules-2/files-2.1/io.jmix.flowui/jmix-flowui/2.8.1/604bf1084c00f514b7bb1c77f137c0ddfcb7b488/jmix-flowui-2.8.1.jar;C:/Users/andre/.gradle/caches/modules-2/files-2.1/io.jmix.flowui/jmix-flowui-data/2.8.1/286eaf8933b30c05314e356dcf6562809bc645af/jmix-flowui-data-2.8.1.jar;C:/Users/andre/.gradle/caches/modules-2/files-2.1/io.jmix.datatools/jmix-datatools/2.8.1/6d935983a3527775de96218a06816de81f66737e/jmix-datatools-2.8.1.jar;C:/Users/andre/.gradle/caches/modules-2/files-2.1/io.jmix.datatools/jmix-datatools-flowui/2.8.1/2d50e1ec5de47260599f522788fc677082ae9a2d/jmix-datatools-flowui-2.8.1.jar;C:/Users/andre/.gradle/caches/modules-2/files-2.1/org.springframework.boot/spring-boot-starter-json/3.5.13/83a765328e808bfa3635a0bdb43a4ed36ee03389/spring-boot-starter-json-3.5.13.jar;C:/Users/andre/.gradle/caches/modules-2/files-2.1/org.springframework.boot/spring-boot-starter/3.5.13/cea04f4971a9d7bb82f78b8059fa4bf818e0d330/spring-boot-starter-3.5.13.jar;C:/Users/andre/.gradle/caches/modules-2/files-2.1/org.springframework/spring-webmvc/6.2.17/5c49b782703377274dd1e1405825fa2cd0ca4d8b/spring-webmvc-6.2.17.jar;C:/Users/andre/.gradle/caches/modules-2/files-2.1/org.springframework/spring-web/6.2.17/7ff3be531a63850bb91d31aaeada0578e96a0fec/spring-web-6.2.17.jar;C:/Users/andre/.gradle/caches/modules-2/files-2.1/org.springframework.boot/spring-boot-starter-tomcat/3.5.13/f9c4896cd188adeb0512329f5b2ceebe26c3ece2/spring-boot-starter-tomcat-3.5.13.jar;C:/Users/andre/.gradle/caches/modules-2/files-2.1/com.google.guava/guava/32.1.2-jre/5e64ec7e056456bef3a4bc4c6fdaef71e8ab6318/guava-32.1.2-jre.jar;C:/Users/andre/.gradle/caches/modules-2/files-2.1/org.apache.commons/commons-compress/1.27.1/a19151084758e2fbb6b41eddaa88e7b8ff4e6599/commons-compress-1.27.1.jar;C:/Users/andre/.gradle/caches/modules-2/files-2.1/commons-io/commons-io/2.20.0/36f3474daec2849c149e877614e7f979b2082cd2/commons-io-2.20.0.jar;C:/Users/andre/.gradle/caches/modules-2/files-2.1/org.apache.commons/commons-collections4/4.4/62ebe7544cb7164d87e0637a2a6a2bdc981395e8/commons-collections4-4.4.jar;C:/Users/andre/.gradle/caches/modules-2/files-2.1/org.apache.commons/commons-text/1.15.0/9899093aa40f0199d6c39b131b8f087cdb37e399/commons-text-1.15.0.jar;C:/Users/andre/.gradle/caches/modules-2/files-2.1/org.dom4j/dom4j/2.1.4/35c16721b88cf17b8279fcb134c0abb161cc0e9b/dom4j-2.1.4.jar;C:/Users/andre/.gradle/caches/modules-2/files-2.1/org.glassfish/jakarta.el/4.0.2/d67e18e7b3500dc91fe941ed3a1807074eaac750/jakarta.el-4.0.2.jar;C:/Users/andre/.gradle/caches/modules-2/files-2.1/org.apache.commons/commons-lang3/3.20.0/65897b3e5731220962e659e001904af3c3cbeba9/commons-lang3-3.20.0.jar;C:/Users/andre/.gradle/caches/modules-2/files-2.1/org.springframework.boot/spring-boot-starter-validation/3.5.13/a9cd39f3bfd872d022e23b9163caf0ad9bfadd77/spring-boot-starter-validation-3.5.13.jar;C:/Users/andre/.gradle/caches/modules-2/files-2.1/org.apache.groovy/groovy/4.0.30/bf8ddff4cf050e8bbdf1f02154a80d4d719b56a1/groovy-4.0.30.jar;C:/Users/andre/.gradle/caches/modules-2/files-2.1/io.micrometer/micrometer-core/1.15.10/cac3f4f39fe502cbfbb36c06e33084b9ec52337/micrometer-core-1.15.10.jar;C:/Users/andre/.gradle/caches/modules-2/files-2.1/org.springframework.boot/spring-boot/3.5.13/4c5742f928ec3fad761084cfc2a8eb514811cbe3/spring-boot-3.5.13.jar;C:/Users/andre/.gradle/caches/modules-2/files-2.1/org.springframework/spring-context-support/6.2.17/2fdb766bb874baa6cf947f02dbdce74621ec07f4/spring-context-support-6.2.17.jar;C:/Users/andre/.gradle/caches/modules-2/files-2.1/org.springframework.security/spring-security-config/6.5.9/8d3ca072f0a9d30cf312f3878922bb9c417d0db6/spring-security-config-6.5.9.jar;C:/Users/andre/.gradle/caches/modules-2/files-2.1/org.springframework.security/spring-security-web/6.5.9/9fd9dfc9f68dca28089179bb27ba24bfb5b49801/spring-security-web-6.5.9.jar;C:/Users/andre/.gradle/caches/modules-2/files-2.1/org.springframework.security/spring-security-core/6.5.9/a9c374607e9f8593c28dbb93feb4ef1ee32aa527/spring-security-core-6.5.9.jar;C:/Users/andre/.gradle/caches/modules-2/files-2.1/org.springframework/spring-context/6.2.17/6d517bc49acaea046f0daeddc64018dcb8e1f53d/spring-context-6.2.17.jar;C:/Users/andre/.gradle/caches/modules-2/files-2.1/org.springframework.data/spring-data-commons/3.5.10/b1ed8f4239857791b958c5f926b66bfb1c5da524/spring-data-commons-3.5.10.jar;C:/Users/andre/.gradle/caches/modules-2/files-2.1/org.springframework/spring-tx/6.2.17/4851d7922698139cb7c90aa6358853495dd10d95/spring-tx-6.2.17.jar;C:/Users/andre/.gradle/caches/modules-2/files-2.1/org.springframework/spring-messaging/6.2.17/17c7421bc1e4e56d440944d1e0cdc8f2c4a82d78/spring-messaging-6.2.17.jar;C:/Users/andre/.gradle/caches/modules-2/files-2.1/org.aspectj/aspectjweaver/1.9.25.1/a713c790da4d794c7dfb542b550d4e44898d5e23/aspectjweaver-1.9.25.1.jar;C:/Users/andre/.gradle/caches/modules-2/files-2.1/org.hibernate.validator/hibernate-validator/8.0.3.Final/4425f554297a1c5ba03a3f30e559a9fd91048cf8/hibernate-validator-8.0.3.Final.jar;C:/Users/andre/.gradle/caches/modules-2/files-2.1/org.apache.commons/commons-pool2/2.12.1/e5c7b6c9f5a4b59be2bba213fbec70b413376fc1/commons-pool2-2.12.1.jar;C:/Users/andre/.gradle/caches/modules-2/files-2.1/jakarta.annotation/jakarta.annotation-api/2.1.1/48b9bda22b091b1f48b13af03fe36db3be6e1ae3/jakarta.annotation-api-2.1.1.jar;C:/Users/andre/.gradle/caches/modules-2/files-2.1/jakarta.persistence/jakarta.persistence-api/3.1.0/66901fa1c373c6aff65c13791cc11da72060a8d6/jakarta.persistence-api-3.1.0.jar;C:/Users/andre/.gradle/caches/modules-2/files-2.1/jakarta.servlet/jakarta.servlet-api/6.0.0/abecc699286e65035ebba9844c03931357a6a963/jakarta.servlet-api-6.0.0.jar;C:/Users/andre/.gradle/caches/modules-2/files-2.1/jakarta.validation/jakarta.validation-api/3.0.2/92b6631659ba35ca09e44874d3eb936edfeee532/jakarta.validation-api-3.0.2.jar;C:/Users/andre/.gradle/caches/modules-2/files-2.1/javax.cache/cache-api/1.1.1/c56fb980eb5208bfee29a9a5b9d951aba076bd91/cache-api-1.1.1.jar;C:/Users/andre/.gradle/caches/modules-2/files-2.1/org.slf4j/slf4j-api/2.0.17/d9e58ac9c7779ba3bf8142aff6c830617a7fe60f/slf4j-api-2.0.17.jar;C:/Users/andre/.gradle/caches/modules-2/files-2.1/io.jmix.data/jmix-data/2.8.1/334ef4c2bae719c8f999c63218f95fa3a0f5e8d5/jmix-data-2.8.1.jar;C:/Users/andre/.gradle/caches/modules-2/files-2.1/org.eclipse.persistence/org.eclipse.persistence.jpa/4.0.6-3-jmix/e2f9e175f4f76d3ca7c1ca4173904ff05f70340b/org.eclipse.persistence.jpa-4.0.6-3-jmix.jar;C:/Users/andre/.gradle/caches/modules-2/files-2.1/org.liquibase/liquibase-core/4.31.1/7578a1c2842d458c31eddb05c7ac82899af1893f/liquibase-core-4.31.1.jar;C:/Users/andre/.gradle/caches/modules-2/files-2.1/com.zaxxer/HikariCP/6.3.3/7c5aec1e47a97ff40977e0193018865304ea9585/HikariCP-6.3.3.jar;C:/Users/andre/.gradle/caches/modules-2/files-2.1/com.vaadin/vaadin-spring-boot-starter/24.9.12/3eae64a484b183f8cafc8a2408059d482253f97/vaadin-spring-boot-starter-24.9.12.jar;C:/Users/andre/.gradle/caches/modules-2/files-2.1/io.jmix.flowui/jmix-flowui-kit/2.8.1/de5a64cf88bae16686c076bf1621ae58d6c850f6/jmix-flowui-kit-2.8.1.jar;C:/Users/andre/.gradle/caches/modules-2/files-2.1/com.google.code.gson/gson/2.13.2/48b8230771e573b54ce6e867a9001e75977fe78e/gson-2.13.2.jar;C:/Users/andre/.gradle/caches/modules-2/files-2.1/com.fasterxml.jackson.datatype/jackson-datatype-jsr310/2.21.2/65b0cef8d997561541b7db6bbb1f6d42913b60e0/jackson-datatype-jsr310-2.21.2.jar;C:/Users/andre/.gradle/caches/modules-2/files-2.1/com.fasterxml.jackson.module/jackson-module-parameter-names/2.21.2/a9969b397887ef34f229808afc87832098221b8f/jackson-module-parameter-names-2.21.2.jar;C:/Users/andre/.gradle/caches/modules-2/files-2.1/com.fasterxml.jackson.datatype/jackson-datatype-jdk8/2.21.2/222d829578930f27afa8d9b6842393824e2eb38/jackson-datatype-jdk8-2.21.2.jar;C:/Users/andre/.gradle/caches/modules-2/files-2.1/com.fasterxml.jackson.core/jackson-databind/2.21.2/71ab8ff75b4fd74afdee0004173fdd15de1d6a28/jackson-databind-2.21.2.jar;C:/Users/andre/.gradle/caches/modules-2/files-2.1/org.springframework.boot/spring-boot-starter-logging/3.5.13/442e2a802590989e4117fb1ebd941c25f901e62b/spring-boot-starter-logging-3.5.13.jar;C:/Users/andre/.gradle/caches/modules-2/files-2.1/org.springframework/spring-core/6.2.17/30e3c17a0df9fab46363a9c2c5a65a997b88fab3/spring-core-6.2.17.jar;C:/Users/andre/.gradle/caches/modules-2/files-2.1/org.yaml/snakeyaml/2.4/e0666b825b796f85521f02360e77f4c92c5a7a07/snakeyaml-2.4.jar;C:/Users/andre/.gradle/caches/modules-2/files-2.1/org.springframework/spring-aop/6.2.17/f668a8c9a6771eeee4069a720a3e9b9fcfd9e88f/spring-aop-6.2.17.jar;C:/Users/andre/.gradle/caches/modules-2/files-2.1/org.springframework/spring-beans/6.2.17/8e1bc0b4388c013bb984ba4ea47560b997fc2c77/spring-beans-6.2.17.jar;C:/Users/andre/.gradle/caches/modules-2/files-2.1/org.springframework/spring-expression/6.2.17/d2f104d59e9a2d70c7f55c50c79417a63a24ad86/spring-expression-6.2.17.jar;C:/Users/andre/.gradle/caches/modules-2/files-2.1/io.micrometer/micrometer-observation/1.15.10/42999983f290de6ec33be384c5ca846d6a8d4a9/micrometer-observation-1.15.10.jar;C:/Users/andre/.gradle/caches/modules-2/files-2.1/org.apache.tomcat.embed/tomcat-embed-websocket/10.1.53/dcecf8d9667c6256e07f0e5651abd18eb4b2d70a/tomcat-embed-websocket-10.1.53.jar;C:/Users/andre/.gradle/caches/modules-2/files-2.1/org.apache.tomcat.embed/tomcat-embed-core/10.1.53/67ba8ac7e5a7d9fb117d8732dda6f501fea58a3a/tomcat-embed-core-10.1.53.jar;C:/Users/andre/.gradle/caches/modules-2/files-2.1/org.apache.tomcat.embed/tomcat-embed-el/10.1.53/34e6dfbf5800d61a497dccb939459d186292853c/tomcat-embed-el-10.1.53.jar;C:/Users/andre/.gradle/caches/modules-2/files-2.1/com.google.guava/failureaccess/1.0.1/1dcf1de382a0bf95a3d8b0849546c88bac1292c9/failureaccess-1.0.1.jar;C:/Users/andre/.gradle/caches/modules-2/files-2.1/com.google.guava/listenablefuture/9999.0-empty-to-avoid-conflict-with-guava/b421526c5f297295adef1c886e5246c39d4ac629/listenablefuture-9999.0-empty-to-avoid-conflict-with-guava.jar;C:/Users/andre/.gradle/caches/modules-2/files-2.1/com.google.code.findbugs/jsr305/3.0.2/25ea2e8b0c338a877313bd4672d3fe056ea78f0d/jsr305-3.0.2.jar;C:/Users/andre/.gradle/caches/modules-2/files-2.1/org.checkerframework/checker-qual/3.33.0/de2b60b62da487644fc11f734e73c8b0b431238f/checker-qual-3.33.0.jar;C:/Users/andre/.gradle/caches/modules-2/files-2.1/com.google.errorprone/error_prone_annotations/2.41.0/4381275efdef6ddfae38f002c31e84cd001c97f0/error_prone_annotations-2.41.0.jar;C:/Users/andre/.gradle/caches/modules-2/files-2.1/com.google.j2objc/j2objc-annotations/2.8/c85270e307e7b822f1086b93689124b89768e273/j2objc-annotations-2.8.jar;C:/Users/andre/.gradle/caches/modules-2/files-2.1/commons-codec/commons-codec/1.18.0/ee45d1cf6ec2cc2b809ff04b4dc7aec858e0df8f/commons-codec-1.18.0.jar;C:/Users/andre/.gradle/caches/modules-2/files-2.1/jakarta.el/jakarta.el-api/4.0.0/ba9834bd2dba5014072bacbafecffaec1673b0f9/jakarta.el-api-4.0.0.jar;C:/Users/andre/.gradle/caches/modules-2/files-2.1/io.micrometer/micrometer-commons/1.15.10/57d272e7d7948e88e1edd667672bf5ef8ddc0023/micrometer-commons-1.15.10.jar;C:/Users/andre/.gradle/caches/modules-2/files-2.1/org.springframework.security/spring-security-crypto/6.5.9/436b30296cf61b7986a9065bf25aee30c60343bd/spring-security-crypto-6.5.9.jar;C:/Users/andre/.gradle/caches/modules-2/files-2.1/com.fasterxml/classmate/1.7.3/f61c7e7b81e9249b0f6a05914eff9d54fb09f4a0/classmate-1.7.3.jar;C:/Users/andre/.gradle/caches/modules-2/files-2.1/org.jboss.logging/jboss-logging/3.6.3.Final/1cc9f976725720bb4a66f80af3e3aa6b9890d969/jboss-logging-3.6.3.Final.jar;C:/Users/andre/.gradle/caches/modules-2/files-2.1/org.springframework/spring-orm/6.2.17/81f873bc0cab366dfc263d0f5377e5fad28337a9/spring-orm-6.2.17.jar;C:/Users/andre/.gradle/caches/modules-2/files-2.1/org.eclipse.persistence/org.eclipse.persistence.core/4.0.6-3-jmix/ed094ff21478d68f0f6fb0e08df4cabe2892016c/org.eclipse.persistence.core-4.0.6-3-jmix.jar;C:/Users/andre/.gradle/caches/modules-2/files-2.1/org.eclipse.persistence/org.eclipse.persistence.jpa.jpql/4.0.6/c98f2adfd45c3f1a805024c46c4a9d96ac9f2635/org.eclipse.persistence.jpa.jpql-4.0.6.jar;C:/Users/andre/.gradle/caches/modules-2/files-2.1/com.opencsv/opencsv/5.9/284ea0b60a24b71a530100783185e7d547ab5339/opencsv-5.9.jar;C:/Users/andre/.gradle/caches/modules-2/files-2.1/javax.xml.bind/jaxb-api/2.3.1/8531ad5ac454cc2deb9d4d32c40c4d7451939b5d/jaxb-api-2.3.1.jar;C:/Users/andre/.gradle/caches/modules-2/files-2.1/com.vaadin/vaadin-spring/24.9.13/65b51be9fa6697a76d6c11bbbd0fc00618eafecd/vaadin-spring-24.9.13.jar;C:/Users/andre/.gradle/caches/modules-2/files-2.1/com.vaadin/vaadin-core/24.9.12/6400403a3e96e15308dcca96e736e4c7241e8e7/vaadin-core-24.9.12.jar;C:/Users/andre/.gradle/caches/modules-2/files-2.1/com.fasterxml.jackson.core/jackson-core/2.21.2/7d11eac823392f28d8ee7bda77eaadfccbab83e5/jackson-core-2.21.2.jar;C:/Users/andre/.gradle/caches/modules-2/files-2.1/com.fasterxml.jackson.core/jackson-annotations/2.21/b1bc1868bf02dc0bd6c7836257a036a331005309/jackson-annotations-2.21.jar;C:/Users/andre/.gradle/caches/modules-2/files-2.1/org.apache.logging.log4j/log4j-to-slf4j/2.24.3/da1143e2a2531ee1c2d90baa98eb50a28a39d5a7/log4j-to-slf4j-2.24.3.jar;C:/Users/andre/.gradle/caches/modules-2/files-2.1/ch.qos.logback/logback-classic/1.5.32/2b1042c50f508f2eb402bd4d22ccbdf94cc37d2e/logback-classic-1.5.32.jar;C:/Users/andre/.gradle/caches/modules-2/files-2.1/org.slf4j/jul-to-slf4j/2.0.17/524cb6ccc2b68a57604750e1ab8b13b5a786a6aa/jul-to-slf4j-2.0.17.jar;C:/Users/andre/.gradle/caches/modules-2/files-2.1/org.springframework/spring-jcl/6.2.17/52bae2d624c7af75bfde0ae749b58e1f7b17a712/spring-jcl-6.2.17.jar;C:/Users/andre/.gradle/caches/modules-2/files-2.1/org.springframework/spring-jdbc/6.2.17/664fddbf6f727666cfacd2bb058720feab15be62/spring-jdbc-6.2.17.jar;C:/Users/andre/.gradle/caches/modules-2/files-2.1/org.eclipse.persistence/org.eclipse.persistence.asm/9.8.0/af14de267983902410b524a6f2eaaf2f406c46c3/org.eclipse.persistence.asm-9.8.0.jar;C:/Users/andre/.gradle/caches/modules-2/files-2.1/com.vaadin/flow-server/24.9.13/4195c12c38f33a5fa5df1587daa2f93cacf51dd7/flow-server-24.9.13.jar;C:/Users/andre/.gradle/caches/modules-2/files-2.1/org.springframework/spring-websocket/6.2.17/d9eefd8cea311ee46ecc7933d76a17e84480ee16/spring-websocket-6.2.17.jar;C:/Users/andre/.gradle/caches/modules-2/files-2.1/org.reflections/reflections/0.10.2/b638d7ca0e0fe0146b60a0e7ba232ad852a73b31/reflections-0.10.2.jar;C:/Users/andre/.gradle/caches/modules-2/files-2.1/com.vaadin/flow-push/24.9.13/ccc503de13abe2511a0dc0970af5bf61d8898846/flow-push-24.9.13.jar;C:/Users/andre/.gradle/caches/modules-2/files-2.1/com.vaadin/flow-client/24.9.13/8d050fbe1190ced1eecc97c94a38051c3fdf770a/flow-client-24.9.13.jar;C:/Users/andre/.gradle/caches/modules-2/files-2.1/org.javassist/javassist/3.30.2-GA/284580b5e42dfa1b8267058566435d9e93fae7f7/javassist-3.30.2-GA.jar;C:/Users/andre/.gradle/caches/modules-2/files-2.1/com.vaadin/vaadin-core-internal/24.9.12/6c2ec06a93580ae5cdeb61c39961841eb750d738/vaadin-core-internal-24.9.12.jar;C:/Users/andre/.gradle/caches/modules-2/files-2.1/com.vaadin/vaadin-dev/24.9.12/ce31edf0fcafccb9863c93eac425d42c2d7b7b3a/vaadin-dev-24.9.12.jar;C:/Users/andre/.gradle/caches/modules-2/files-2.1/org.apache.logging.log4j/log4j-api/2.24.3/b02c125db8b6d295adf72ae6e71af5d83bce2370/log4j-api-2.24.3.jar;C:/Users/andre/.gradle/caches/modules-2/files-2.1/ch.qos.logback/logback-core/1.5.32/fdfb3ff9a842303d4a95207294a6c6bc64e2605d/logback-core-1.5.32.jar;C:/Users/andre/.gradle/caches/modules-2/files-2.1/org.jsoup/jsoup/1.20.1/769377896610be1736f8d6d51fc52a6042d1ce82/jsoup-1.20.1.jar;C:/Users/andre/.gradle/caches/modules-2/files-2.1/com.vaadin/signals/24.9.13/2fb5d40a2f869013aae0f494d5b3d08786bd988f/signals-24.9.13.jar;C:/Users/andre/.gradle/caches/modules-2/files-2.1/org.jspecify/jspecify/1.0.0/7425a601c1c7ec76645a78d22b8c6a627edee507/jspecify-1.0.0.jar;C:/Users/andre/.gradle/caches/modules-2/files-2.1/com.helger/ph-css/7.0.4/b9e64d08ddb489977e212634ccda33b4a8dc7cdd/ph-css-7.0.4.jar;C:/Users/andre/.gradle/caches/modules-2/files-2.1/com.vaadin.servletdetector/throw-if-servlet3/1.0.2/29d2e1daed2f3df2e233d6685a52cc888d2519bf/throw-if-servlet3-1.0.2.jar;C:/Users/andre/.gradle/caches/modules-2/files-2.1/com.vaadin.external.gwt/gwt-elemental/2.8.2.vaadin2/abdfd4fcfbc0652298061be8c70a56a6d6e868b2/gwt-elemental-2.8.2.vaadin2.jar;C:/Users/andre/.gradle/caches/modules-2/files-2.1/org.apache.commons/commons-fileupload2-jakarta-servlet6/2.0.0-M4/bb4c5ec509150db182dd5928a43b85d2ca82e273/commons-fileupload2-jakarta-servlet6-2.0.0-M4.jar;C:/Users/andre/.gradle/caches/modules-2/files-2.1/org.ow2.asm/asm/9.8/dc19ecb3f7889b7860697215cae99c0f9b6f6b4b/asm-9.8.jar;C:/Users/andre/.gradle/caches/modules-2/files-2.1/com.vaadin.external/gentyref/1.2.0.vaadin1/c914574fdf1d7c7b85f58965d10f7a83811bb7c6/gentyref-1.2.0.vaadin1.jar;C:/Users/andre/.gradle/caches/modules-2/files-2.1/com.vaadin.external.atmosphere/atmosphere-runtime/3.0.5.slf4jvaadin1/a2e969eff4832a42b07f740325962f7743e14d40/atmosphere-runtime-3.0.5.slf4jvaadin1.jar;C:/Users/andre/.gradle/caches/modules-2/files-2.1/com.vaadin/flow-lit-template/24.9.13/f69a83b4d56bfa778cd65c31d115c6be3acf744e/flow-lit-template-24.9.13.jar;C:/Users/andre/.gradle/caches/modules-2/files-2.1/com.vaadin/flow-react/24.9.13/1168f34f60a69c6be7ba96a9acb2ee2dad713072/flow-react-24.9.13.jar;C:/Users/andre/.gradle/caches/modules-2/files-2.1/com.vaadin/vaadin-core-components/24.9.12/9d2ceae54b68964d5c3042c5734ee6e0683b5d92/vaadin-core-components-24.9.12.jar;C:/Users/andre/.gradle/caches/modules-2/files-2.1/com.vaadin/flow-html-components/24.9.13/3d0b985fd8b4197372a6fcb52c2b6697a7c62d4b/flow-html-components-24.9.13.jar;C:/Users/andre/.gradle/caches/modules-2/files-2.1/com.vaadin/vaadin-lumo-theme/24.9.12/65deae78cef9e6c479b0116ccd424f88d89324ce/vaadin-lumo-theme-24.9.12.jar;C:/Users/andre/.gradle/caches/modules-2/files-2.1/com.vaadin/flow-data/24.9.13/e1c7a1ba2cc79072d03f31657fcf303e73d4c4f1/flow-data-24.9.13.jar;C:/Users/andre/.gradle/caches/modules-2/files-2.1/com.vaadin/flow-dnd/24.9.13/cb7e582f5c56e835055f892bbad51d19e7972c04/flow-dnd-24.9.13.jar;C:/Users/andre/.gradle/caches/modules-2/files-2.1/com.vaadin/vaadin-material-theme/24.9.12/56b3282be6bc2a25162dc3659cdcfc6f051db843/vaadin-material-theme-24.9.12.jar;C:/Users/andre/.gradle/caches/modules-2/files-2.1/com.vaadin/vaadin-dev-server/24.9.13/9e3e480d4a2a5e2e2cdb4ab5386dbf5ede7e086a/vaadin-dev-server-24.9.13.jar;C:/Users/andre/.gradle/caches/modules-2/files-2.1/com.vaadin/vaadin-dev-bundle/24.9.12/94441cd866dfa2d9d9d31a7087081bf5f8cbbea5/vaadin-dev-bundle-24.9.12.jar;C:/Users/andre/.gradle/caches/modules-2/files-2.1/com.helger.commons/ph-commons/11.2.0/5a1b16ad597e05942239378eb5f16b022f4b511c/ph-commons-11.2.0.jar;C:/Users/andre/.gradle/caches/modules-2/files-2.1/org.apache.commons/commons-fileupload2-core/2.0.0-M4/3284839791dc0130ad07d594a05c7c8750aa4dd6/commons-fileupload2-core-2.0.0-M4.jar;C:/Users/andre/.gradle/caches/modules-2/files-2.1/com.vaadin/vaadin-grid-flow/24.9.12/2abfac40c9b61b5ee741e5a20ac7b9b72f6a884a/vaadin-grid-flow-24.9.12.jar;C:/Users/andre/.gradle/caches/modules-2/files-2.1/com.vaadin/vaadin-menu-bar-flow/24.9.12/8146effb6df8a209a1e37ab5715ff493f0491f47/vaadin-menu-bar-flow-24.9.12.jar;C:/Users/andre/.gradle/caches/modules-2/files-2.1/com.vaadin/vaadin-context-menu-flow/24.9.12/423d3178f190c18b8607cc51f5ef04db8f619cd5/vaadin-context-menu-flow-24.9.12.jar;C:/Users/andre/.gradle/caches/modules-2/files-2.1/com.vaadin/vaadin-icons-flow/24.9.12/381089e0417331c4b547f719399fbc108bc9fc2d/vaadin-icons-flow-24.9.12.jar;C:/Users/andre/.gradle/caches/modules-2/files-2.1/com.vaadin/vaadin-avatar-flow/24.9.12/272b4634686643e6620b47ac1f3ac2a2194b3f46/vaadin-avatar-flow-24.9.12.jar;C:/Users/andre/.gradle/caches/modules-2/files-2.1/com.vaadin/vaadin-upload-flow/24.9.12/c90c38ce2ae85f02d7401e1a4268ac0dd354b689/vaadin-upload-flow-24.9.12.jar;C:/Users/andre/.gradle/caches/modules-2/files-2.1/com.vaadin/vaadin-app-layout-flow/24.9.12/fc6d07cde9e930ee014f708203c10abefc275987/vaadin-app-layout-flow-24.9.12.jar;C:/Users/andre/.gradle/caches/modules-2/files-2.1/com.vaadin/vaadin-button-flow/24.9.12/98c7a1cc9e87ceb9757e908b873896250054c301/vaadin-button-flow-24.9.12.jar;C:/Users/andre/.gradle/caches/modules-2/files-2.1/com.vaadin/vaadin-card-flow/24.9.12/74a37776c95a3fb729debf04a88bae8f7272d973/vaadin-card-flow-24.9.12.jar;C:/Users/andre/.gradle/caches/modules-2/files-2.1/com.vaadin/vaadin-checkbox-flow/24.9.12/889b85f66204be72f0a9c69a7d378647f736115a/vaadin-checkbox-flow-24.9.12.jar;C:/Users/andre/.gradle/caches/modules-2/files-2.1/com.vaadin/vaadin-combo-box-flow/24.9.12/25ba017a35e7205da2d912c73a7a2942cd1ed67d/vaadin-combo-box-flow-24.9.12.jar;C:/Users/andre/.gradle/caches/modules-2/files-2.1/com.vaadin/vaadin-confirm-dialog-flow/24.9.12/b05c7653e58bb37f4d7e3cccbfddd41dfe3baa27/vaadin-confirm-dialog-flow-24.9.12.jar;C:/Users/andre/.gradle/caches/modules-2/files-2.1/com.vaadin/vaadin-custom-field-flow/24.9.12/ee57e5285d1d63defab76c531ac1b7e13e97c710/vaadin-custom-field-flow-24.9.12.jar;C:/Users/andre/.gradle/caches/modules-2/files-2.1/com.vaadin/vaadin-date-time-picker-flow/24.9.12/adc3f9fef7313cf6ac4cdaf331bebe0e1c39b29b/vaadin-date-time-picker-flow-24.9.12.jar;C:/Users/andre/.gradle/caches/modules-2/files-2.1/com.vaadin/vaadin-date-picker-flow/24.9.12/83ea9833b2f3826ecbf6b31639ab8647bbcc2f63/vaadin-date-picker-flow-24.9.12.jar;C:/Users/andre/.gradle/caches/modules-2/files-2.1/com.vaadin/vaadin-accordion-flow/24.9.12/803ba945fe70915c84276ecdc7a78f86d7021d63/vaadin-accordion-flow-24.9.12.jar;C:/Users/andre/.gradle/caches/modules-2/files-2.1/com.vaadin/vaadin-details-flow/24.9.12/3cc1a4dee2f1fad08164d1ab549426c173737036/vaadin-details-flow-24.9.12.jar;C:/Users/andre/.gradle/caches/modules-2/files-2.1/com.vaadin/vaadin-time-picker-flow/24.9.12/17cbc68fd6612e10fe65ca266be717fb1d8d6f8c/vaadin-time-picker-flow-24.9.12.jar;C:/Users/andre/.gradle/caches/modules-2/files-2.1/com.vaadin/vaadin-select-flow/24.9.12/90fa2543310f0187b2e53656bae7862ac349d233/vaadin-select-flow-24.9.12.jar;C:/Users/andre/.gradle/caches/modules-2/files-2.1/com.vaadin/vaadin-side-nav-flow/24.9.12/3b957ad2edaa71022323274f88e17ddb17229c17/vaadin-side-nav-flow-24.9.12.jar;C:/Users/andre/.gradle/caches/modules-2/files-2.1/com.vaadin/vaadin-dialog-flow/24.9.12/4c4d7867da19c88bdaa125dea645c645a23a14fa/vaadin-dialog-flow-24.9.12.jar;C:/Users/andre/.gradle/caches/modules-2/files-2.1/com.vaadin/vaadin-form-layout-flow/24.9.12/f14f5b0ea88e54688ddc20e18177fbc0cefd9775/vaadin-form-layout-flow-24.9.12.jar;C:/Users/andre/.gradle/caches/modules-2/files-2.1/com.vaadin/vaadin-list-box-flow/24.9.12/a21e5cedd482f98186868c9d8cb6c7f9ce808efc/vaadin-list-box-flow-24.9.12.jar;C:/Users/andre/.gradle/caches/modules-2/files-2.1/com.vaadin/vaadin-login-flow/24.9.12/c2ce119c72695e6192749bf0867aa7214aedf22c/vaadin-login-flow-24.9.12.jar;C:/Users/andre/.gradle/caches/modules-2/files-2.1/com.vaadin/vaadin-markdown-flow/24.9.12/e9e6605bbb6726f99c86bfdec49037ef78960bde/vaadin-markdown-flow-24.9.12.jar;C:/Users/andre/.gradle/caches/modules-2/files-2.1/com.vaadin/vaadin-master-detail-layout-flow/24.9.12/826e9b1207573f5d3642bb25c98de236167ad1d1/vaadin-master-detail-layout-flow-24.9.12.jar;C:/Users/andre/.gradle/caches/modules-2/files-2.1/com.vaadin/vaadin-messages-flow/24.9.12/e8d898bdeff94e63ca65e5cd0316ab9cde1f3c69/vaadin-messages-flow-24.9.12.jar;C:/Users/andre/.gradle/caches/modules-2/files-2.1/com.vaadin/vaadin-ordered-layout-flow/24.9.12/a58a96308d683755b68d3a416e3a37aa3c2e6df1/vaadin-ordered-layout-flow-24.9.12.jar;C:/Users/andre/.gradle/caches/modules-2/files-2.1/com.vaadin/vaadin-progress-bar-flow/24.9.12/3181ebcfaf8d11258cfd8ed0bc0329c92382077d/vaadin-progress-bar-flow-24.9.12.jar;C:/Users/andre/.gradle/caches/modules-2/files-2.1/com.vaadin/vaadin-popover-flow/24.9.12/3184f5f0a52ed746963dcce3b92587656c4e361/vaadin-popover-flow-24.9.12.jar;C:/Users/andre/.gradle/caches/modules-2/files-2.1/com.vaadin/vaadin-radio-button-flow/24.9.12/1b3da2e7d33c430c4bf84d59f36403e03a67b3f5/vaadin-radio-button-flow-24.9.12.jar;C:/Users/andre/.gradle/caches/modules-2/files-2.1/com.vaadin/vaadin-split-layout-flow/24.9.12/20627a174da525289de287140a06334c2bbd779a/vaadin-split-layout-flow-24.9.12.jar;C:/Users/andre/.gradle/caches/modules-2/files-2.1/com.vaadin/vaadin-tabs-flow/24.9.12/1f30ff72e452ca5499165c367f998d32fd50602/vaadin-tabs-flow-24.9.12.jar;C:/Users/andre/.gradle/caches/modules-2/files-2.1/com.vaadin/vaadin-text-field-flow/24.9.12/cdc6a076df27ce6443a30c3a4abb6698a9e05396/vaadin-text-field-flow-24.9.12.jar;C:/Users/andre/.gradle/caches/modules-2/files-2.1/com.vaadin/vaadin-notification-flow/24.9.12/3417ad285347c9fe6c47dcc3c222a4392efe74d3/vaadin-notification-flow-24.9.12.jar;C:/Users/andre/.gradle/caches/modules-2/files-2.1/com.vaadin/vaadin-field-highlighter-flow/24.9.12/3bf9d6b29220c97a1116b50d8ae45e63f0caae26/vaadin-field-highlighter-flow-24.9.12.jar;C:/Users/andre/.gradle/caches/modules-2/files-2.1/com.vaadin/vaadin-virtual-list-flow/24.9.12/9ef5cbe8c542abe419235a729e5f88e1cd408011/vaadin-virtual-list-flow-24.9.12.jar;C:/Users/andre/.gradle/caches/modules-2/files-2.1/com.vaadin/vaadin-renderer-flow/24.9.12/6c2d5a74eccef79cd402f0d11bfa4870c66a8f72/vaadin-renderer-flow-24.9.12.jar;C:/Users/andre/.gradle/caches/modules-2/files-2.1/com.vaadin/collaboration-engine/6.6.0/e96b7f947042cc8c0613e869e6f1ba18f37cd718/collaboration-engine-6.6.0.jar;C:/Users/andre/.gradle/caches/modules-2/files-2.1/com.vaadin/license-checker/2.0.1/265306fd23dc51457a5067f3a1bbafdbea4b2771/license-checker-2.0.1.jar;C:/Users/andre/.gradle/caches/modules-2/files-2.1/io.methvin/directory-watcher/0.19.0/c4800398783559be2f3be7790a3cf5c0bacfbe3a/directory-watcher-0.19.0.jar;C:/Users/andre/.gradle/caches/modules-2/files-2.1/com.vaadin/open/8.5.0.5/988ae1b73218aec898599c1ac65566522b5481e0/open-8.5.0.5.jar;C:/Users/andre/.gradle/caches/modules-2/files-2.1/com.github.javaparser/javaparser-core/3.26.4/7b3a0c67b941a9040d9b3a27f7496b4f34297def/javaparser-core-3.26.4.jar;C:/Users/andre/.gradle/caches/modules-2/files-2.1/com.vaadin/vaadin-flow-components-base/24.9.12/392821463da3d1bd27c96351515e02717180acaf/vaadin-flow-components-base-24.9.12.jar;C:/Users/andre/.gradle/caches/modules-2/files-2.1/com.github.oshi/oshi-core/6.6.5/e1099981fd15dc4236c4499d82aba1276fb43a9a/oshi-core-6.6.5.jar;C:/Users/andre/.gradle/caches/modules-2/files-2.1/com.nimbusds/nimbus-jose-jwt/10.3.1/4ec9e53a1bb37626adfec4302e20c13d4e56c5bc/nimbus-jose-jwt-10.3.1.jar;C:/Users/andre/.gradle/caches/modules-2/files-2.1/net.java.dev.jna/jna-platform/5.15.0/86b502cad57d45da172b5e3231c537b042e296ef/jna-platform-5.15.0.jar;C:/Users/andre/.gradle/caches/modules-2/files-2.1/net.java.dev.jna/jna/5.15.0/1ee1d80ff44f08280188f7c0e740d57207841ac/jna-5.15.0.jar;C:/Users/andre/.gradle/caches/modules-2/files-2.1/org.checkerframework/checker-qual/3.52.0/9c17f496846ab1fca8975c6a50ceac0b3bbe63f0/checker-qual-3.52.0.jar;C:/Users/andre/.gradle/caches/modules-2/files-2.1/com.github.f4b6a3/uuid-creator/6.0.0/ae8a3a5cd71b605cff34d825034468aff64d262e/uuid-creator-6.0.0.jar;C:/Users/andre/.gradle/caches/modules-2/files-2.1/org.eclipse.persistence/org.eclipse.persistence.extension/4.0.6/15ac9ea8a9dfe17f725036a90d4efea759b2a234/org.eclipse.persistence.extension-4.0.6.jar;C:/Users/andre/.gradle/caches/modules-2/files-2.1/jaxen/jaxen/2.0.0/bd6a33b0fda054a5678010df843cc999f288dc6c/jaxen-2.0.0.jar;C:/Users/andre/.gradle/caches/modules-2/files-2.1/javax.xml.stream/stax-api/1.0-2/d6337b0de8b25e53e81b922352fbea9f9f57ba0b/stax-api-1.0-2.jar;C:/Users/andre/.gradle/caches/modules-2/files-2.1/net.java.dev.msv/xsdlib/2013.6.1/280f7c45aaec5102cc756d1afdb416b7775f2ef4/xsdlib-2013.6.1.jar;C:/Users/andre/.gradle/caches/modules-2/files-2.1/pull-parser/pull-parser/2.1.10/c4ed69b28455d970b85ba6ae27c92a795f905ab4/pull-parser-2.1.10.jar;C:/Users/andre/.gradle/caches/modules-2/files-2.1/xpp3/xpp3/1.1.4c/9b988ea84b9e4e9f1874e390ce099b8ac12cfff5/xpp3-1.1.4c.jar;C:/Users/andre/.gradle/caches/modules-2/files-2.1/org.hdrhistogram/HdrHistogram/2.2.2/7959933ebcc0f05b2eaa5af0a0c8689fa257b15c/HdrHistogram-2.2.2.jar;C:/Users/andre/.gradle/caches/modules-2/files-2.1/org.latencyutils/LatencyUtils/2.0.3/769c0b82cb2421c8256300e907298a9410a2a3d3/LatencyUtils-2.0.3.jar;C:/Users/andre/.gradle/caches/modules-2/files-2.1/org.antlr/antlr-runtime/3.5.2/cd9cd41361c155f3af0f653009dcecb08d8b4afd/antlr-runtime-3.5.2.jar;C:/Users/andre/.gradle/caches/modules-2/files-2.1/relaxngDatatype/relaxngDatatype/20020414/de7952cecd05b65e0e4370cc93fc03035175eef5/relaxngDatatype-20020414.jar;C:/Users/andre/.gradle/caches/modules-2/files-2.1/javax.activation/javax.activation-api/1.2.0/85262acf3ca9816f9537ca47d5adeabaead7cb16/javax.activation-api-1.2.0.jar;C:\Users\andre\.gradle\caches\modules-2\files-2.1\org.liquibase\liquibase-core\4.31.1\7578a1c2842d458c31eddb05c7ac82899af1893f\liquibase-core-4.31.1.jar;/C:/Users/andre/.gradle/caches/modules-2/files-2.1/org.postgresql/postgresql/42.7.10/35100a3f0899551e27af8fed4a3414619a4663b3/postgresql-42.7.10.jar;/C:/Users/andre/AppData/Roaming/JetBrains/IntelliJIdea2026.1/jmix/jdbc-drivers/PostgreSQL%202/42.7.3/org/postgresql/postgresql/42.7.3/postgresql-42.7.3.jar;/C:/Users/andre/AppData/Roaming/JetBrains/IntelliJIdea2026.1/jmix/jdbc-drivers/PostgreSQL%202/42.7.3/org/checkerframework/checker-qual/3.42.0/checker-qual-3.42.0.jar;/C:/Users/andre/AppData/Roaming/JetBrains/IntelliJIdea2026.1/jmix/jdbc-drivers/PostgreSQL%202/42.7.3/com/github/waffle/waffle-jna/1.9.1/waffle-jna-1.9.1.jar;/C:/Users/andre/AppData/Roaming/JetBrains/IntelliJIdea2026.1/jmix/jdbc-drivers/PostgreSQL%202/42.7.3/net/java/dev/jna/jna/4.5.1/jna-4.5.1.jar;/C:/Users/andre/AppData/Roaming/JetBrains/IntelliJIdea2026.1/jmix/jdbc-drivers/PostgreSQL%202/42.7.3/net/java/dev/jna/jna-platform/4.5.1/jna-platform-4.5.1.jar;/C:/Users/andre/AppData/Roaming/JetBrains/IntelliJIdea2026.1/jmix/jdbc-drivers/PostgreSQL%202/42.7.3/org/slf4j/jcl-over-slf4j/1.7.25/jcl-over-slf4j-1.7.25.jar;/C:/Users/andre/AppData/Roaming/JetBrains/IntelliJIdea2026.1/jmix/jdbc-drivers/PostgreSQL%202/42.7.3/org/slf4j/slf4j-api/1.7.25/slf4j-api-1.7.25.jar;/C:/Users/andre/AppData/Roaming/JetBrains/IntelliJIdea2026.1/jmix/jdbc-drivers/PostgreSQL%202/42.7.3/com/github/ben-manes/caffeine/caffeine/2.6.2/caffeine-2.6.2.jar;C:/Users/andre/Desktop/PROGETTI/cargoFlow/progetto/cargoflowJmix/src/main/resources;C:/Users/andre/Desktop/PROGETTI/cargoFlow/progetto/cargoflowJmix/build/vaadin-generated;C:/Users/andre/Desktop/PROGETTI/cargoFlow/progetto/cargoflowJmix/build/classes/java/main
Launcher Type: SUN_STANDARD

[Global flags]
     intx CICompilerCount                          = 4                                         {product} {ergonomic}
     uint ConcGCThreads                            = 3                                         {product} {ergonomic}
     uint G1ConcRefinementThreads                  = 10                                        {product} {ergonomic}
   size_t G1HeapRegionSize                         = 2097152                                   {product} {ergonomic}
    uintx GCDrainStackTargetSize                   = 64                                        {product} {ergonomic}
   size_t InitialHeapSize                          = 264241152                                 {product} {ergonomic}
   size_t MarkStackSize                            = 4194304                                   {product} {ergonomic}
   size_t MaxHeapSize                              = 4208984064                                {product} {ergonomic}
   size_t MinHeapDeltaBytes                        = 2097152                                   {product} {ergonomic}
   size_t MinHeapSize                              = 8388608                                   {product} {ergonomic}
    uintx NonNMethodCodeHeapSize                   = 5839372                                {pd product} {ergonomic}
    uintx NonProfiledCodeHeapSize                  = 122909434                              {pd product} {ergonomic}
    uintx ProfiledCodeHeapSize                     = 122909434                              {pd product} {ergonomic}
    uintx ReservedCodeCacheSize                    = 251658240                              {pd product} {ergonomic}
     bool SegmentedCodeCache                       = true                                      {product} {ergonomic}
   size_t SoftMaxHeapSize                          = 4208984064                             {manageable} {ergonomic}
     bool UseCompressedOops                        = true                           {product lp64_product} {ergonomic}
     bool UseG1GC                                  = true                                      {product} {ergonomic}
     bool UseLargePagesIndividualAllocation        = false                                  {pd product} {ergonomic}

Logging:
Log output configuration:
 #0: stdout all=warning uptime,level,tags foldmultilines=false
 #1: stderr all=off uptime,level,tags foldmultilines=false

Environment Variables:
JAVA_HOME=C:\Program Files\Java\jdk-21
CLASSPATH=C:/Users/andre/.gradle/caches/modules-2/files-2.1/io.jmix.core/jmix-core-starter/2.8.1/9a672042f6d2027d213d108aa21dcb7a36b6e58a/jmix-core-starter-2.8.1.jar;C:/Users/andre/.gradle/caches/modules-2/files-2.1/io.jmix.data/jmix-eclipselink-starter/2.8.1/a4b79cf8df803829efc2fb6b35365819bd836f38/jmix-eclipselink-starter-2.8.1.jar;C:/Users/andre/.gradle/caches/modules-2/files-2.1/io.jmix.security/jmix-security-starter/2.8.1/b1139253a07cbda1531464379b231e0ae15be240/jmix-security-starter-2.8.1.jar;C:/Users/andre/.gradle/caches/modules-2/files-2.1/io.jmix.security/jmix-security-flowui-starter/2.8.1/5eb77d55b5030576c3ed2069d1a572069dc964e7/jmix-security-flowui-starter-2.8.1.jar;C:/Users/andre/.gradle/caches/modules-2/files-2.1/io.jmix.security/jmix-security-data-starter/2.8.1/9a931d3b79eea6dfb7f069097aed6260888ee575/jmix-security-data-starter-2.8.1.jar;C:/Users/andre/.gradle/caches/modules-2/files-2.1/io.jmix.localfs/jmix-localfs-starter/2.8.1/71b891fa836c4020c640e11af2cde73393351d4d/jmix-localfs-starter-2.8.1.jar;C:/Users/andre/.gradle/caches/modules-2/files-2.1/io.jmix.flowui/jmix-flowui-starter/2.8.1/c4b062f662981fc3fa26a48d00c6e738f1ee02d7/jmix-flowui-starter-2.8.1.jar;C:/Users/andre/.gradle/caches/modules-2/files-2.1/io.jmix.flowui/jmix-flowui-data-starter/2.8.1/343f28692e8ed4e52476d3aac22f77274b67a5ac/jmix-flowui-data-starter-2.8.1.jar;C:/Users/andre/.gradle/caches/modules-2/files-2.1/io.jmix.flowui/jmix-flowui-themes/2.8.1/704030052872dc6bb0d288e6222b0ce8c102dcad/jmix-flowui-themes-2.8.1.jar;C:/Users/andre/.gradle/caches/modules-2/files-2.1/io.jmix.datatools/jmix-datatools-starter/2.8.1/1a732788509a75b4718256975890f12885a0a488/jmix-datatools-starter-2.8.1.jar;C:/Users/andre/.gradle/caches/modules-2/files-2.1/io.jmix.datatools/jmix-datatools-flowui-starter/2.8.1/1e13f3242581de7409342d4fdb7510ad30eca59a/jmix-datatools-flowui-starter-2.8.1.jar;C:/Users/andre/.gradle/caches/modules-2/files-2.1/org.springframework.boot/spring-boot-starter-web/3.5.13/c35eb22c4b380d61f17bd342a43a414b5f58ba32/spring-boot-starter-web-3.5.13.jar;C:/Users/andre/.gradle/caches/modules-2/files-2.1/org.postgresql/postgresql/42.7.10/35100a3f0899551e27af8fed4a3414619a4663b3/postgresql-42.7.10.jar;C:/Users/andre/.gradle/caches/modules-2/files-2.1/io.jmix.core/jmix-core/2.8.1/2a987fd4dada4dfc18569dd823c5269fca6d26ba/jmix-core-2.8.1.jar;C:/Users/andre/.gradle/caches/modules-2/files-2.1/io.jmix.data/jmix-eclipselink/2.8.1/d1d7806cc4944a9304c373255b8183bddde8e2a/jmix-eclipselink-2.8.1.jar;C:/Users/andre/.gradle/caches/modules-2/files-2.1/io.jmix.data/jmix-data-autoconfigure/2.8.1/c6cc75834eadf8288d2e7df9c778ba6811305d1b/jmix-data-autoconfigure-2.8.1.jar;C:/Users/andre/.gradle/caches/modules-2/files-2.1/io.jmix.security/jmix-security/2.8.1/4864a1a16839802accb1c2f11f29017305aed9a6/jmix-security-2.8.1.jar;C:/Users/andre/.gradle/caches/modules-2/files-2.1/org.springframework.boot/spring-boot-autoconfigure/3.5.13/cfb6296dddc1b37fb6e90162728e9f3ae46a9bd4/spring-boot-autoconfigure-3.5.13.jar;C:/Users/andre/.gradle/caches/modules-2/files-2.1/io.jmix.security/jmix-security-flowui/2.8.1/81b106a934b0e62aab8903258e0c64df73c0bc82/jmix-security-flowui-2.8.1.jar;C:/Users/andre/.gradle/caches/modules-2/files-2.1/io.jmix.security/jmix-security-data/2.8.1/b7f4210ac39160e2cbc5ba12cc7adc5f2456f2ff/jmix-security-data-2.8.1.jar;C:/Users/andre/.gradle/caches/modules-2/files-2.1/io.jmix.localfs/jmix-localfs/2.8.1/40a7538881a4fe03e19ad90b5b39dbf7520cabe2/jmix-localfs-2.8.1.jar;C:/Users/andre/.gradle/caches/modules-2/files-2.1/io.jmix.flowui/jmix-flowui/2.8.1/604bf1084c00f514b7bb1c77f137c0ddfcb7b488/jmix-flowui-2.8.1.jar;C:/Users/andre/.gradle/caches/modules-2/files-2.1/io.jmix.flowui/jmix-flowui-data/2.8.1/286eaf8933b30c05314e356dcf6562809bc645af/jmix-flowui-data-2.8.1.jar;C:/Users/andre/.gradle/caches/modules-2/files-2.1/io.jmix.datatools/jmix-datatools/2.8.1/6d935983a3527775de96218a06816de81f66737e/jmix-datatools-2.8.1.jar;C:/Users/andre/.gradle/caches/modules-2/files-2.1/io.jmix.datatools/jmix-datatools-flowui/2.8.1/2d50e1ec5de47260599f522788fc677082ae9a2d/jmix-datatools-flowui-2.8.1.jar;C:/Users/andre/.gradle/caches/modules-2/files-2.1/org.springframework.boot/spring-boot-starter-json/3.5.13/83a765328e808bfa3635a0bdb43a4ed36ee03389/spring-boot-starter-json-3.5.13.jar;C:/Users/andre/.gradle/caches/modules-2/files-2.1/org.springframework.boot/spring-boot-starter/3.5.13/cea04f4971a9d7bb82f78b8059fa4bf818e0d330/spring-boot-starter-3.5.13.jar;C:/Users/andre/.gradle/caches/modules-2/files-2.1/org.springframework/spring-webmvc/6.2.17/5c49b782703377274dd1e1405825fa2cd0ca4d8b/spring-webmvc-6.2.17.jar;C:/Users/andre/.gradle/caches/modules-2/files-2.1/org.springframework/spring-web/6.2.17/7ff3be531a63850bb91d31aaeada0578e96a0fec/spring-web-6.2.17.jar;C:/Users/andre/.gradle/caches/modules-2/files-2.1/org.springframework.boot/spring-boot-starter-tomcat/3.5.13/f9c4896cd188adeb0512329f5b2ceebe26c3ece2/spring-boot-starter-tomcat-3.5.13.jar;C:/Users/andre/.gradle/caches/modules-2/files-2.1/com.google.guava/guava/32.1.2-jre/5e64ec7e056456bef3a4bc4c6fdaef71e8ab6318/guava-32.1.2-jre.jar;C:/Users/andre/.gradle/caches/modules-2/files-2.1/org.apache.commons/commons-compress/1.27.1/a19151084758e2fbb6b41eddaa88e7b8ff4e6599/commons-compress-1.27.1.jar;C:/Users/andre/.gradle/caches/modules-2/files-2.1/commons-io/commons-io/2.20.0/36f3474daec2849c149e877614e7f979b2082cd2/commons-io-2.20.0.jar;C:/Users/andre/.gradle/caches/modules-2/files-2.1/org.apache.commons/commons-collections4/4.4/62ebe7544cb7164d87e0637a2a6a2bdc981395e8/commons-collections4-4.4.jar;C:/Users/andre/.gradle/caches/modules-2/files-2.1/org.apache.commons/commons-text/1.15.0/9899093aa40f0199d6c39b131b8f087cdb37e399/commons-text-1.15.0.jar;C:/Users/andre/.gradle/caches/modules-2/files-2.1/org.dom4j/dom4j/2.1.4/35c16721b88cf17b8279fcb134c0abb161cc0e9b/dom4j-2.1.4.jar;C:/Users/andre/.gradle/caches/modules-2/files-2.1/org.glassfish/jakarta.el/4.0.2/d67e18e7b3500dc91fe941ed3a1807074eaac750/jakarta.el-4.0.2.jar;C:/Users/andre/.gradle/caches/modules-2/files-2.1/org.apache.commons/commons-lang3/3.20.0/65897b3e5731220962e659e001904af3c3cbeba9/commons-lang3-3.20.0.jar;C:/Users/andre/.gradle/caches/modules-2/files-2.1/org.springframework.boot/spring-boot-starter-validation/3.5.13/a9cd39f3bfd872d022e23b9163caf0ad9bfadd77/spring-boot-starter-validation-3.5.13.jar;C:/Users/andre/.gradle/caches/modules-2/files-2.1/org.apache.groovy/groovy/4.0.30/bf8ddff4cf050e8bbdf1f02154a80d4d719b56a1/groovy-4.0.30.jar;C:/Users/andre/.gradle/caches/modules-2/files-2.1/io.micrometer/micrometer-core/1.15.10/cac3f4f39fe502cbfbb36c06e33084b9ec52337/micrometer-core-1.15.10.jar;C:/Users/andre/.gradle/caches/modules-2/files-2.1/org.springframework.boot/spring-boot/3.5.13/4c5742f928ec3fad761084cfc2a8eb514811cbe3/spring-boot-3.5.13.jar;C:/Users/andre/.gradle/caches/modules-2/files-2.1/org.springframework/spring-context-support/6.2.17/2fdb766bb874baa6cf947f02dbdce74621ec07f4/spring-context-support-6.2.17.jar;C:/Users/andre/.gradle/caches/modules-2/files-2.1/org.springframework.security/spring-security-config/6.5.9/8d3ca072f0a9d30cf312f3878922bb9c417d0db6/spring-security-config-6.5.9.jar;C:/Users/andre/.gradle/caches/modules-2/files-2.1/org.springframework.security/spring-security-web/6.5.9/9fd9dfc9f68dca28089179bb27ba24bfb5b49801/spring-security-web-6.5.9.jar;C:/Users/andre/.gradle/caches/modules-2/files-2.1/org.springframework.security/spring-security-core/6.5.9/a9c374607e9f8593c28dbb93feb4ef1ee32aa527/spring-security-core-6.5.9.jar;C:/Users/andre/.gradle/caches/modules-2/files-2.1/org.springframework/spring-context/6.2.17/6d517bc49acaea046f0daeddc64018dcb8e1f53d/spring-context-6.2.17.jar;C:/Users/andre/.gradle/caches/modules-2/files-2.1/org.springframework.data/spring-data-commons/3.5.10/b1ed8f4239857791b958c5f926b66bfb1c5da524/spring-data-commons-3.5.10.jar;C:/Users/andre/.gradle/caches/modules-2/files-2.1/org.springframework/spring-tx/6.2.17/4851d7922698139cb7c90aa6358853495dd10d95/spring-tx-6.2.17.jar;C:/Users/andre/.gradle/caches/modules-2/files-2.1/org.springframework/spring-messaging/6.2.17/17c7421bc1e4e56d440944d1e0cdc8f2c4a82d78/spring-messaging-6.2.17.jar;C:/Users/andre/.gradle/caches/modules-2/files-2.1/org.aspectj/aspectjweaver/1.9.25.1/a713c790da4d794c7dfb542b550d4e44898d5e23/aspectjweaver-1.9.25.1.jar;C:/Users/andre/.gradle/caches/modules-2/files-2.1/org.hibernate.validator/hibernate-validator/8.0.3.Final/4425f554297a1c5ba03a3f30e559a9fd91048cf8/hibernate-validator-8.0.3.Final.jar;C:/Users/andre/.gradle/caches/modules-2/files-2.1/org.apache.commons/commons-pool2/2.12.1/e5c7b6c9f5a4b59be2bba213fbec70b413376fc1/commons-pool2-2.12.1.jar;C:/Users/andre/.gradle/caches/modules-2/files-2.1/jakarta.annotation/jakarta.annotation-api/2.1.1/48b9bda22b091b1f48b13af03fe36db3be6e1ae3/jakarta.annotation-api-2.1.1.jar;C:/Users/andre/.gradle/caches/modules-2/files-2.1/jakarta.persistence/jakarta.persistence-api/3.1.0/66901fa1c373c6aff65c13791cc11da72060a8d6/jakarta.persistence-api-3.1.0.jar;C:/Users/andre/.gradle/caches/modules-2/files-2.1/jakarta.servlet/jakarta.servlet-api/6.0.0/abecc699286e65035ebba9844c03931357a6a963/jakarta.servlet-api-6.0.0.jar;C:/Users/andre/.gradle/caches/modules-2/files-2.1/jakarta.validation/jakarta.validation-api/3.0.2/92b6631659ba35ca09e44874d3eb936edfeee532/jakarta.validation-api-3.0.2.jar;C:/Users/andre/.gradle/caches/modules-2/files-2.1/javax.cache/cache-api/1.1.1/c56fb980eb5208bfee29a9a5b9d951aba076bd91/cache-api-1.1.1.jar;C:/Users/andre/.gradle/caches/modules-2/files-2.1/org.slf4j/slf4j-api/2.0.17/d9e58ac9c7779ba3bf8142aff6c830617a7fe60f/slf4j-api-2.0.17.jar;C:/Users/andre/.gradle/caches/modules-2/files-2.1/io.jmix.data/jmix-data/2.8.1/334ef4c2bae719c8f999c63218f95fa3a0f5e8d5/jmix-data-2.8.1.jar;C:/Users/andre/.gradle/caches/modules-2/files-2.1/org.eclipse.persistence/org.eclipse.persistence.jpa/4.0.6-3-jmix/e2f9e175f4f76d3ca7c1ca4173904ff05f70340b/org.eclipse.persistence.jpa-4.0.6-3-jmix.jar;C:/Users/andre/.gradle/caches/modules-2/files-2.1/org.liquibase/liquibase-core/4.31.1/7578a1c2842d458c31eddb05c7ac82899af1893f/liquibase-core-4.31.1.jar;C:/Users/andre/.gradle/caches/modules-2/files-2.1/com.zaxxer/HikariCP/6.3.3/7c5aec1e47a97ff40977e0193018865304ea9585/HikariCP-6.3.3.jar;C:/Users/andre/.gradle/caches/modules-2/files-2.1/com.vaadin/vaadin-spring-boot-starter/24.9.12/3eae64a484b183f8cafc8a2408059d482253f97/vaadin-spring-boot-starter-24.9.12.jar;C:/Users/andre/.gradle/caches/modules-2/files-2.1/io.jmix.flowui/jmix-flowui-kit/2.8.1/de5a64cf88bae16686c076bf1621ae58d6c850f6/jmix-flowui-kit-2.8.1.jar;C:/Users/andre/.gradle/caches/modules-2/files-2.1/com.google.code.gson/gson/2.13.2/48b8230771e573b54ce6e867a9001e75977fe78e/gson-2.13.2.jar;C:/Users/andre/.gradle/caches/modules-2/files-2.1/com.fasterxml.jackson.datatype/jackson-datatype-jsr310/2.21.2/65b0cef8d997561541b7db6bbb1f6d42913b60e0/jackson-datatype-jsr310-2.21.2.jar;C:/Users/andre/.gradle/caches/modules-2/files-2.1/com.fasterxml.jackson.module/jackson-module-parameter-names/2.21.2/a9969b397887ef34f229808afc87832098221b8f/jackson-module-parameter-names-2.21.2.jar;C:/Users/andre/.gradle/caches/modules-2/files-2.1/com.fasterxml.jackson.datatype/jackson-datatype-jdk8/2.21.2/222d829578930f27afa8d9b6842393824e2eb38/jackson-datatype-jdk8-2.21.2.jar;C:/Users/andre/.gradle/caches/modules-2/files-2.1/com.fasterxml.jackson.core/jackson-databind/2.21.2/71ab8ff75b4fd74afdee0004173fdd15de1d6a28/jackson-databind-2.21.2.jar;C:/Users/andre/.gradle/caches/modules-2/files-2.1/org.springframework.boot/spring-boot-starter-logging/3.5.13/442e2a802590989e4117fb1ebd941c25f901e62b/spring-boot-starter-logging-3.5.13.jar;C:/Users/andre/.gradle/caches/modules-2/files-2.1/org.springframework/spring-core/6.2.17/30e3c17a0df9fab46363a9c2c5a65a997b88fab3/spring-core-6.2.17.jar;C:/Users/andre/.gradle/caches/modules-2/files-2.1/org.yaml/snakeyaml/2.4/e0666b825b796f85521f02360e77f4c92c5a7a07/snakeyaml-2.4.jar;C:/Users/andre/.gradle/caches/modules-2/files-2.1/org.springframework/spring-aop/6.2.17/f668a8c9a6771eeee4069a720a3e9b9fcfd9e88f/spring-aop-6.2.17.jar;C:/Users/andre/.gradle/caches/modules-2/files-2.1/org.springframework/spring-beans/6.2.17/8e1bc0b4388c013bb984ba4ea47560b997fc2c77/spring-beans-6.2.17.jar;C:/Users/andre/.gradle/caches/modules-2/files-2.1/org.springframework/spring-expression/6.2.17/d2f104d59e9a2d70c7f55c50c79417a63a24ad86/spring-expression-6.2.17.jar;C:/Users/andre/.gradle/caches/modules-2/files-2.1/io.micrometer/micrometer-observation/1.15.10/42999983f290de6ec33be384c5ca846d6a8d4a9/micrometer-observation-1.15.10.jar;C:/Users/andre/.gradle/caches/modules-2/files-2.1/org.apache.tomcat.embed/tomcat-embed-websocket/10.1.53/dcecf8d9667c6256e07f0e5651abd18eb4b2d70a/tomcat-embed-websocket-10.1.53.jar;C:/Users/andre/.gradle/caches/modules-2/files-2.1/org.apache.tomcat.embed/tomcat-embed-core/10.1.53/67ba8ac7e5a7d9fb117d8732dda6f501fea58a3a/tomcat-embed-core-10.1.53.jar;C:/Users/andre/.gradle/caches/modules-2/files-2.1/org.apache.tomcat.embed/tomcat-embed-el/10.1.53/34e6dfbf5800d61a497dccb939459d186292853c/tomcat-embed-el-10.1.53.jar;C:/Users/andre/.gradle/caches/modules-2/files-2.1/com.google.guava/failureaccess/1.0.1/1dcf1de382a0bf95a3d8b0849546c88bac1292c9/failureaccess-1.0.1.jar;C:/Users/andre/.gradle/caches/modules-2/files-2.1/com.google.guava/listenablefuture/9999.0-empty-to-avoid-conflict-with-guava/b421526c5f297295adef1c886e5246c39d4ac629/listenablefuture-9999.0-empty-to-avoid-conflict-with-guava.jar;C:/Users/andre/.gradle/caches/modules-2/files-2.1/com.google.code.findbugs/jsr305/3.0.2/25ea2e8b0c338a877313bd4672d3fe056ea78f0d/jsr305-3.0.2.jar;C:/Users/andre/.gradle/caches/modules-2/files-2.1/org.checkerframework/checker-qual/3.33.0/de2b60b62da487644fc11f734e73c8b0b431238f/checker-qual-3.33.0.jar;C:/Users/andre/.gradle/caches/modules-2/files-2.1/com.google.errorprone/error_prone_annotations/2.41.0/4381275efdef6ddfae38f002c31e84cd001c97f0/error_prone_annotations-2.41.0.jar;C:/Users/andre/.gradle/caches/modules-2/files-2.1/com.google.j2objc/j2objc-annotations/2.8/c85270e307e7b822f1086b93689124b89768e273/j2objc-annotations-2.8.jar;C:/Users/andre/.gradle/caches/modules-2/files-2.1/commons-codec/commons-codec/1.18.0/ee45d1cf6ec2cc2b809ff04b4dc7aec858e0df8f/commons-codec-1.18.0.jar;C:/Users/andre/.gradle/caches/modules-2/files-2.1/jakarta.el/jakarta.el-api/4.0.0/ba9834bd2dba5014072bacbafecffaec1673b0f9/jakarta.el-api-4.0.0.jar;C:/Users/andre/.gradle/caches/modules-2/files-2.1/io.micrometer/micrometer-commons/1.15.10/57d272e7d7948e88e1edd667672bf5ef8ddc0023/micrometer-commons-1.15.10.jar;C:/Users/andre/.gradle/caches/modules-2/files-2.1/org.springframework.security/spring-security-crypto/6.5.9/436b30296cf61b7986a9065bf25aee30c60343bd/spring-security-crypto-6.5.9.jar;C:/Users/andre/.gradle/caches/modules-2/files-2.1/com.fasterxml/classmate/1.7.3/f61c7e7b81e9249b0f6a05914eff9d54fb09f4a0/classmate-1.7.3.jar;C:/Users/andre/.gradle/caches/modules-2/files-2.1/org.jboss.logging/jboss-logging/3.6.3.Final/1cc9f976725720bb4a66f80af3e3aa6b9890d969/jboss-logging-3.6.3.Final.jar;C:/Users/andre/.gradle/caches/modules-2/files-2.1/org.springframework/spring-orm/6.2.17/81f873bc0cab366dfc263d0f5377e5fad28337a9/spring-orm-6.2.17.jar;C:/Users/andre/.gradle/caches/modules-2/files-2.1/org.eclipse.persistence/org.eclipse.persistence.core/4.0.6-3-jmix/ed094ff21478d68f0f6fb0e08df4cabe2892016c/org.eclipse.persistence.core-4.0.6-3-jmix.jar;C:/Users/andre/.gradle/caches/modules-2/files-2.1/org.eclipse.persistence/org.eclipse.persistence.jpa.jpql/4.0.6/c98f2adfd45c3f1a805024c46c4a9d96ac9f2635/org.eclipse.persistence.jpa.jpql-4.0.6.jar;C:/Users/andre/.gradle/caches/modules-2/files-2.1/com.opencsv/opencsv/5.9/284ea0b60a24b71a530100783185e7d547ab5339/opencsv-5.9.jar;C:/Users/andre/.gradle/caches/modules-2/files-2.1/javax.xml.bind/jaxb-api/2.3.1/8531ad5ac454cc2deb9d4d32c40c4d7451939b5d/jaxb-api-2.3.1.jar;C:/Users/andre/.gradle/caches/modules-2/files-2.1/com.vaadin/vaadin-spring/24.9.13/65b51be9fa6697a76d6c11bbbd0fc00618eafecd/vaadin-spring-24.9.13.jar;C:/Users/andre/.gradle/caches/modules-2/files-2.1/com.vaadin/vaadin-core/24.9.12/6400403a3e96e15308dcca96e736e4c7241e8e7/vaadin-core-24.9.12.jar;C:/Users/andre/.gradle/caches/modules-2/files-2.1/com.fasterxml.jackson.core/jackson-core/2.21.2/7d11eac823392f28d8ee7bda77eaadfccbab83e5/jackson-core-2.21.2.jar;C:/Users/andre/.gradle/caches/modules-2/files-2.1/com.fasterxml.jackson.core/jackson-annotations/2.21/b1bc1868bf02dc0bd6c7836257a036a331005309/jackson-annotations-2.21.jar;C:/Users/andre/.gradle/caches/modules-2/files-2.1/org.apache.logging.log4j/log4j-to-slf4j/2.24.3/da1143e2a2531ee1c2d90baa98eb50a28a39d5a7/log4j-to-slf4j-2.24.3.jar;C:/Users/andre/.gradle/caches/modules-2/files-2.1/ch.qos.logback/logback-classic/1.5.32/2b1042c50f508f2eb402bd4d22ccbdf94cc37d2e/logback-classic-1.5.32.jar;C:/Users/andre/.gradle/caches/modules-2/files-2.1/org.slf4j/jul-to-slf4j/2.0.17/524cb6ccc2b68a57604750e1ab8b13b5a786a6aa/jul-to-slf4j-2.0.17.jar;C:/Users/andre/.gradle/caches/modules-2/files-2.1/org.springframework/spring-jcl/6.2.17/52bae2d624c7af75bfde0ae749b58e1f7b17a712/spring-jcl-6.2.17.jar;C:/Users/andre/.gradle/caches/modules-2/files-2.1/org.springframework/spring-jdbc/6.2.17/664fddbf6f727666cfacd2bb058720feab15be62/spring-jdbc-6.2.17.jar;C:/Users/andre/.gradle/caches/modules-2/files-2.1/org.eclipse.persistence/org.eclipse.persistence.asm/9.8.0/af14de267983902410b524a6f2eaaf2f406c46c3/org.eclipse.persistence.asm-9.8.0.jar;C:/Users/andre/.gradle/caches/modules-2/files-2.1/com.vaadin/flow-server/24.9.13/4195c12c38f33a5fa5df1587daa2f93cacf51dd7/flow-server-24.9.13.jar;C:/Users/andre/.gradle/caches/modules-2/files-2.1/org.springframework/spring-websocket/6.2.17/d9eefd8cea311ee46ecc7933d76a17e84480ee16/spring-websocket-6.2.17.jar;C:/Users/andre/.gradle/caches/modules-2/files-2.1/org.reflections/reflections/0.10.2/b638d7ca0e0fe0146b60a0e7ba232ad852a73b31/reflections-0.10.2.jar;C:/Users/andre/.gradle/caches/modules-2/files-2.1/com.vaadin/flow-push/24.9.13/ccc503de13abe2511a0dc0970af5bf61d8898846/flow-push-24.9.13.jar;C:/Users/andre/.gradle/caches/modules-2/files-2.1/com.vaadin/flow-client/24.9.13/8d050fbe1190ced1eecc97c94a38051c3fdf770a/flow-client-24.9.13.jar;C:/Users/andre/.gradle/caches/modules-2/files-2.1/org.javassist/javassist/3.30.2-GA/284580b5e42dfa1b8267058566435d9e93fae7f7/javassist-3.30.2-GA.jar;C:/Users/andre/.gradle/caches/modules-2/files-2.1/com.vaadin/vaadin-core-internal/24.9.12/6c2ec06a93580ae5cdeb61c39961841eb750d738/vaadin-core-internal-24.9.12.jar;C:/Users/andre/.gradle/caches/modules-2/files-2.1/com.vaadin/vaadin-dev/24.9.12/ce31edf0fcafccb9863c93eac425d42c2d7b7b3a/vaadin-dev-24.9.12.jar;C:/Users/andre/.gradle/caches/modules-2/files-2.1/org.apache.logging.log4j/log4j-api/2.24.3/b02c125db8b6d295adf72ae6e71af5d83bce2370/log4j-api-2.24.3.jar;C:/Users/andre/.gradle/caches/modules-2/files-2.1/ch.qos.logback/logback-core/1.5.32/fdfb3ff9a842303d4a95207294a6c6bc64e2605d/logback-core-1.5.32.jar;C:/Users/andre/.gradle/caches/modules-2/files-2.1/org.jsoup/jsoup/1.20.1/769377896610be1736f8d6d51fc52a6042d1ce82/jsoup-1.20.1.jar;C:/Users/andre/.gradle/caches/modules-2/files-2.1/com.vaadin/signals/24.9.13/2fb5d40a2f869013aae0f494d5b3d08786bd988f/signals-24.9.13.jar;C:/Users/andre/.gradle/caches/modules-2/files-2.1/org.jspecify/jspecify/1.0.0/7425a601c1c7ec76645a78d22b8c6a627edee507/jspecify-1.0.0.jar;C:/Users/andre/.gradle/caches/modules-2/files-2.1/com.helger/ph-css/7.0.4/b9e64d08ddb489977e212634ccda33b4a8dc7cdd/ph-css-7.0.4.jar;C:/Users/andre/.gradle/caches/modules-2/files-2.1/com.vaadin.servletdetector/throw-if-servlet3/1.0.2/29d2e1daed2f3df2e233d6685a52cc888d2519bf/throw-if-servlet3-1.0.2.jar;C:/Users/andre/.gradle/caches/modules-2/files-2.1/com.vaadin.external.gwt/gwt-elemental/2.8.2.vaadin2/abdfd4fcfbc0652298061be8c70a56a6d6e868b2/gwt-elemental-2.8.2.vaadin2.jar;C:/Users/andre/.gradle/caches/modules-2/files-2.1/org.apache.commons/commons-fileupload2-jakarta-servlet6/2.0.0-M4/bb4c5ec509150db182dd5928a43b85d2ca82e273/commons-fileupload2-jakarta-servlet6-2.0.0-M4.jar;C:/Users/andre/.gradle/caches/modules-2/files-2.1/org.ow2.asm/asm/9.8/dc19ecb3f7889b7860697215cae99c0f9b6f6b4b/asm-9.8.jar;C:/Users/andre/.gradle/caches/modules-2/files-2.1/com.vaadin.external/gentyref/1.2.0.vaadin1/c914574fdf1d7c7b85f58965d10f7a83811bb7c6/gentyref-1.2.0.vaadin1.jar;C:/Users/andre/.gradle/caches/modules-2/files-2.1/com.vaadin.external.atmosphere/atmosphere-runtime/3.0.5.slf4jvaadin1/a2e969eff4832a42b07f740325962f7743e14d40/atmosphere-runtime-3.0.5.slf4jvaadin1.jar;C:/Users/andre/.gradle/caches/modules-2/files-2.1/com.vaadin/flow-lit-template/24.9.13/f69a83b4d56bfa778cd65c31d115c6be3acf744e/flow-lit-template-24.9.13.jar;C:/Users/andre/.gradle/caches/modules-2/files-2.1/com.vaadin/flow-react/24.9.13/1168f34f60a69c6be7ba96a9acb2ee2dad713072/flow-react-24.9.13.jar;C:/Users/andre/.gradle/caches/modules-2/files-2.1/com.vaadin/vaadin-core-components/24.9.12/9d2ceae54b68964d5c3042c5734ee6e0683b5d92/vaadin-core-components-24.9.12.jar;C:/Users/andre/.gradle/caches/modules-2/files-2.1/com.vaadin/flow-html-components/24.9.13/3d0b985fd8b4197372a6fcb52c2b6697a7c62d4b/flow-html-components-24.9.13.jar;C:/Users/andre/.gradle/caches/modules-2/files-2.1/com.vaadin/vaadin-lumo-theme/24.9.12/65deae78cef9e6c479b0116ccd424f88d89324ce/vaadin-lumo-theme-24.9.12.jar;C:/Users/andre/.gradle/caches/modules-2/files-2.1/com.vaadin/flow-data/24.9.13/e1c7a1ba2cc79072d03f31657fcf303e73d4c4f1/flow-data-24.9.13.jar;C:/Users/andre/.gradle/caches/modules-2/files-2.1/com.vaadin/flow-dnd/24.9.13/cb7e582f5c56e835055f892bbad51d19e7972c04/flow-dnd-24.9.13.jar;C:/Users/andre/.gradle/caches/modules-2/files-2.1/com.vaadin/vaadin-material-theme/24.9.12/56b3282be6bc2a25162dc3659cdcfc6f051db843/vaadin-material-theme-24.9.12.jar;C:/Users/andre/.gradle/caches/modules-2/files-2.1/com.vaadin/vaadin-dev-server/24.9.13/9e3e480d4a2a5e2e2cdb4ab5386dbf5ede7e086a/vaadin-dev-server-24.9.13.jar;C:/Users/andre/.gradle/caches/modules-2/files-2.1/com.vaadin/vaadin-dev-bundle/24.9.12/94441cd866dfa2d9d9d31a7087081bf5f8cbbea5/vaadin-dev-bundle-24.9.12.jar;C:/Users/andre/.gradle/caches/modules-2/files-2.1/com.helger.commons/ph-commons/11.2.0/5a1b16ad597e05942239378eb5f16b022f4b511c/ph-commons-11.2.0.jar;C:/Users/andre/.gradle/caches/modules-2/files-2.1/org.apache.commons/commons-fileupload2-core/2.0.0-M4/3284839791dc0130ad07d594a05c7c8750aa4dd6/commons-fileupload2-core-2.0.0-M4.jar;C:/Users/andre/.gradle/caches/modules-2/files-2.1/com.vaadin/vaadin-grid-flow/24.9.12/2abfac40c9b61b5ee741e5a20ac7b9b72f6a884a/vaadin-grid-flow-24.9.12.jar;C:/Users/andre/.gradle/caches/modules-2/files-2.1/com.vaadin/vaadin-menu-bar-flow/24.9.12/8146effb6df8a209a1e37ab5715ff493f0491f47/vaadin-menu-bar-flow-24.9.12.jar;C:/Users/andre/.gradle/caches/modules-2/files-2.1/com.vaadin/vaadin-context-menu-flow/24.9.12/423d3178f190c18b8607cc51f5ef04db8f619cd5/vaadin-context-menu-flow-24.9.12.jar;C:/Users/andre/.gradle/caches/modules-2/files-2.1/com.vaadin/vaadin-icons-flow/24.9.12/381089e0417331c4b547f719399fbc108bc9fc2d/vaadin-icons-flow-24.9.12.jar;C:/Users/andre/.gradle/caches/modules-2/files-2.1/com.vaadin/vaadin-avatar-flow/24.9.12/272b4634686643e6620b47ac1f3ac2a2194b3f46/vaadin-avatar-flow-24.9.12.jar;C:/Users/andre/.gradle/caches/modules-2/files-2.1/com.vaadin/vaadin-upload-flow/24.9.12/c90c38ce2ae85f02d7401e1a4268ac0dd354b689/vaadin-upload-flow-24.9.12.jar;C:/Users/andre/.gradle/caches/modules-2/files-2.1/com.vaadin/vaadin-app-layout-flow/24.9.12/fc6d07cde9e930ee014f708203c10abefc275987/vaadin-app-layout-flow-24.9.12.jar;C:/Users/andre/.gradle/caches/modules-2/files-2.1/com.vaadin/vaadin-button-flow/24.9.12/98c7a1cc9e87ceb9757e908b873896250054c301/vaadin-button-flow-24.9.12.jar;C:/Users/andre/.gradle/caches/modules-2/files-2.1/com.vaadin/vaadin-card-flow/24.9.12/74a37776c95a3fb729debf04a88bae8f7272d973/vaadin-card-flow-24.9.12.jar;C:/Users/andre/.gradle/caches/modules-2/files-2.1/com.vaadin/vaadin-checkbox-flow/24.9.12/889b85f66204be72f0a9c69a7d378647f736115a/vaadin-checkbox-flow-24.9.12.jar;C:/Users/andre/.gradle/caches/modules-2/files-2.1/com.vaadin/vaadin-combo-box-flow/24.9.12/25ba017a35e7205da2d912c73a7a2942cd1ed67d/vaadin-combo-box-flow-24.9.12.jar;C:/Users/andre/.gradle/caches/modules-2/files-2.1/com.vaadin/vaadin-confirm-dialog-flow/24.9.12/b05c7653e58bb37f4d7e3cccbfddd41dfe3baa27/vaadin-confirm-dialog-flow-24.9.12.jar;C:/Users/andre/.gradle/caches/modules-2/files-2.1/com.vaadin/vaadin-custom-field-flow/24.9.12/ee57e5285d1d63defab76c531ac1b7e13e97c710/vaadin-custom-field-flow-24.9.12.jar;C:/Users/andre/.gradle/caches/modules-2/files-2.1/com.vaadin/vaadin-date-time-picker-flow/24.9.12/adc3f9fef7313cf6ac4cdaf331bebe0e1c39b29b/vaadin-date-time-picker-flow-24.9.12.jar;C:/Users/andre/.gradle/caches/modules-2/files-2.1/com.vaadin/vaadin-date-picker-flow/24.9.12/83ea9833b2f3826ecbf6b31639ab8647bbcc2f63/vaadin-date-picker-flow-24.9.12.jar;C:/Users/andre/.gradle/caches/modules-2/files-2.1/com.vaadin/vaadin-accordion-flow/24.9.12/803ba945fe70915c84276ecdc7a78f86d7021d63/vaadin-accordion-flow-24.9.12.jar;C:/Users/andre/.gradle/caches/modules-2/files-2.1/com.vaadin/vaadin-details-flow/24.9.12/3cc1a4dee2f1fad08164d1ab549426c173737036/vaadin-details-flow-24.9.12.jar;C:/Users/andre/.gradle/caches/modules-2/files-2.1/com.vaadin/vaadin-time-picker-flow/24.9.12/17cbc68fd6612e10fe65ca266be717fb1d8d6f8c/vaadin-time-picker-flow-24.9.12.jar;C:/Users/andre/.gradle/caches/modules-2/files-2.1/com.vaadin/vaadin-select-flow/24.9.12/90fa2543310f0187b2e53656bae7862ac349d233/vaadin-select-flow-24.9.12.jar;C:/Users/andre/.gradle/caches/modules-2/files-2.1/com.vaadin/vaadin-side-nav-flow/24.9.12/3b957ad2edaa71022323274f88e17ddb17229c17/vaadin-side-nav-flow-24.9.12.jar;C:/Users/andre/.gradle/caches/modules-2/files-2.1/com.vaadin/vaadin-dialog-flow/24.9.12/4c4d7867da19c88bdaa125dea645c645a23a14fa/vaadin-dialog-flow-24.9.12.jar;C:/Users/andre/.gradle/caches/modules-2/files-2.1/com.vaadin/vaadin-form-layout-flow/24.9.12/f14f5b0ea88e54688ddc20e18177fbc0cefd9775/vaadin-form-layout-flow-24.9.12.jar;C:/Users/andre/.gradle/caches/modules-2/files-2.1/com.vaadin/vaadin-list-box-flow/24.9.12/a21e5cedd482f98186868c9d8cb6c7f9ce808efc/vaadin-list-box-flow-24.9.12.jar;C:/Users/andre/.gradle/caches/modules-2/files-2.1/com.vaadin/vaadin-login-flow/24.9.12/c2ce119c72695e6192749bf0867aa7214aedf22c/vaadin-login-flow-24.9.12.jar;C:/Users/andre/.gradle/caches/modules-2/files-2.1/com.vaadin/vaadin-markdown-flow/24.9.12/e9e6605bbb6726f99c86bfdec49037ef78960bde/vaadin-markdown-flow-24.9.12.jar;C:/Users/andre/.gradle/caches/modules-2/files-2.1/com.vaadin/vaadin-master-detail-layout-flow/24.9.12/826e9b1207573f5d3642bb25c98de236167ad1d1/vaadin-master-detail-layout-flow-24.9.12.jar;C:/Users/andre/.gradle/caches/modules-2/files-2.1/com.vaadin/vaadin-messages-flow/24.9.12/e8d898bdeff94e63ca65e5cd0316ab9cde1f3c69/vaadin-messages-flow-24.9.12.jar;C:/Users/andre/.gradle/caches/modules-2/files-2.1/com.vaadin/vaadin-ordered-layout-flow/24.9.12/a58a96308d683755b68d3a416e3a37aa3c2e6df1/vaadin-ordered-layout-flow-24.9.12.jar;C:/Users/andre/.gradle/caches/modules-2/files-2.1/com.vaadin/vaadin-progress-bar-flow/24.9.12/3181ebcfaf8d11258cfd8ed0bc0329c92382077d/vaadin-progress-bar-flow-24.9.12.jar;C:/Users/andre/.gradle/caches/modules-2/files-2.1/com.vaadin/vaadin-popover-flow/24.9.12/3184f5f0a52ed746963dcce3b92587656c4e361/vaadin-popover-flow-24.9.12.jar;C:/Users/andre/.gradle/caches/modules-2/files-2.1/com.vaadin/vaadin-radio-button-flow/24.9.12/1b3da2e7d33c430c4bf84d59f36403e03a67b3f5/vaadin-radio-button-flow-24.9.12.jar;C:/Users/andre/.gradle/caches/modules-2/files-2.1/com.vaadin/vaadin-split-layout-flow/24.9.12/20627a174da525289de287140a06334c2bbd779a/vaadin-split-layout-flow-24.9.12.jar;C:/Users/andre/.gradle/caches/modules-2/files-2.1/com.vaadin/vaadin-tabs-flow/24.9.12/1f30ff72e452ca5499165c367f998d32fd50602/vaadin-tabs-flow-24.9.12.jar;C:/Users/andre/.gradle/caches/modules-2/files-2.1/com.vaadin/vaadin-text-field-flow/24.9.12/cdc6a076df27ce6443a30c3a4abb6698a9e05396/vaadin-text-field-flow-24.9.12.jar;C:/Users/andre/.gradle/caches/modules-2/files-2.1/com.vaadin/vaadin-notification-flow/24.9.12/3417ad285347c9fe6c47dcc3c222a4392efe74d3/vaadin-notification-flow-24.9.12.jar;C:/Users/andre/.gradle/caches/modules-2/files-2.1/com.vaadin/vaadin-field-highlighter-flow/24.9.12/3bf9d6b29220c97a1116b50d8ae45e63f0caae26/vaadin-field-highlighter-flow-24.9.12.jar;C:/Users/andre/.gradle/caches/modules-2/files-2.1/com.vaadin/vaadin-virtual-list-flow/24.9.12/9ef5cbe8c542abe419235a729e5f88e1cd408011/vaadin-virtual-list-flow-24.9.12.jar;C:/Users/andre/.gradle/caches/modules-2/files-2.1/com.vaadin/vaadin-renderer-flow/24.9.12/6c2d5a74eccef79cd402f0d11bfa4870c66a8f72/vaadin-renderer-flow-24.9.12.jar;C:/Users/andre/.gradle/caches/modules-2/files-2.1/com.vaadin/collaboration-engine/6.6.0/e96b7f947042cc8c0613e869e6f1ba18f37cd718/collaboration-engine-6.6.0.jar;C:/Users/andre/.gradle/caches/modules-2/files-2.1/com.vaadin/license-checker/2.0.1/265306fd23dc51457a5067f3a1bbafdbea4b2771/license-checker-2.0.1.jar;C:/Users/andre/.gradle/caches/modules-2/files-2.1/io.methvin/directory-watcher/0.19.0/c4800398783559be2f3be7790a3cf5c0bacfbe3a/directory-watcher-0.19.0.jar;C:/Users/andre/.gradle/caches/modules-2/files-2.1/com.vaadin/open/8.5.0.5/988ae1b73218aec898599c1ac65566522b5481e0/open-8.5.0.5.jar;C:/Users/andre/.gradle/caches/modules-2/files-2.1/com.github.javaparser/javaparser-core/3.26.4/7b3a0c67b941a9040d9b3a27f7496b4f34297def/javaparser-core-3.26.4.jar;C:/Users/andre/.gradle/caches/modules-2/files-2.1/com.vaadin/vaadin-flow-components-base/24.9.12/392821463da3d1bd27c96351515e02717180acaf/vaadin-flow-components-base-24.9.12.jar;C:/Users/andre/.gradle/caches/modules-2/files-2.1/com.github.oshi/oshi-core/6.6.5/e1099981fd15dc4236c4499d82aba1276fb43a9a/oshi-core-6.6.5.jar;C:/Users/andre/.gradle/caches/modules-2/files-2.1/com.nimbusds/nimbus-jose-jwt/10.3.1/4ec9e53a1bb37626adfec4302e20c13d4e56c5bc/nimbus-jose-jwt-10.3.1.jar;C:/Users/andre/.gradle/caches/modules-2/files-2.1/net.java.dev.jna/jna-platform/5.15.0/86b502cad57d45da172b5e3231c537b042e296ef/jna-platform-5.15.0.jar;C:/Users/andre/.gradle/caches/modules-2/files-2.1/net.java.dev.jna/jna/5.15.0/1ee1d80ff44f08280188f7c0e740d57207841ac/jna-5.15.0.jar;C:/Users/andre/.gradle/caches/modules-2/files-2.1/org.checkerframework/checker-qual/3.52.0/9c17f496846ab1fca8975c6a50ceac0b3bbe63f0/checker-qual-3.52.0.jar;C:/Users/andre/.gradle/caches/modules-2/files-2.1/com.github.f4b6a3/uuid-creator/6.0.0/ae8a3a5cd71b605cff34d825034468aff64d262e/uuid-creator-6.0.0.jar;C:/Users/andre/.gradle/caches/modules-2/files-2.1/org.eclipse.persistence/org.eclipse.persistence.extension/4.0.6/15ac9ea8a9dfe17f725036a90d4efea759b2a234/org.eclipse.persistence.extension-4.0.6.jar;C:/Users/andre/.gradle/caches/modules-2/files-2.1/jaxen/jaxen/2.0.0/bd6a33b0fda054a5678010df843cc999f288dc6c/jaxen-2.0.0.jar;C:/Users/andre/.gradle/caches/modules-2/files-2.1/javax.xml.stream/stax-api/1.0-2/d6337b0de8b25e53e81b922352fbea9f9f57ba0b/stax-api-1.0-2.jar;C:/Users/andre/.gradle/caches/modules-2/files-2.1/net.java.dev.msv/xsdlib/2013.6.1/280f7c45aaec5102cc756d1afdb416b7775f2ef4/xsdlib-2013.6.1.jar;C:/Users/andre/.gradle/caches/modules-2/files-2.1/pull-parser/pull-parser/2.1.10/c4ed69b28455d970b85ba6ae27c92a795f905ab4/pull-parser-2.1.10.jar;C:/Users/andre/.gradle/caches/modules-2/files-2.1/xpp3/xpp3/1.1.4c/9b988ea84b9e4e9f1874e390ce099b8ac12cfff5/xpp3-1.1.4c.jar;C:/Users/andre/.gradle/caches/modules-2/files-2.1/org.hdrhistogram/HdrHistogram/2.2.2/7959933ebcc0f05b2eaa5af0a0c8689fa257b15c/HdrHistogram-2.2.2.jar;C:/Users/andre/.gradle/caches/modules-2/files-2.1/org.latencyutils/LatencyUtils/2.0.3/769c0b82cb2421c8256300e907298a9410a2a3d3/LatencyUtils-2.0.3.jar;C:/Users/andre/.gradle/caches/modules-2/files-2.1/org.antlr/antlr-runtime/3.5.2/cd9cd41361c155f3af0f653009dcecb08d8b4afd/antlr-runtime-3.5.2.jar;C:/Users/andre/.gradle/caches/modules-2/files-2.1/relaxngDatatype/relaxngDatatype/20020414/de7952cecd05b65e0e4370cc93fc03035175eef5/relaxngDatatype-20020414.jar;C:/Users/andre/.gradle/caches/modules-2/files-2.1/javax.activation/javax.activation-api/1.2.0/85262acf3ca9816f9537ca47d5adeabaead7cb16/javax.activation-api-1.2.0.jar;C:\Users\andre\.gradle\caches\modules-2\files-2.1\org.liquibase\liquibase-core\4.31.1\7578a1c2842d458c31eddb05c7ac82899af1893f\liquibase-core-4.31.1.jar;/C:/Users/andre/.gradle/caches/modules-2/files-2.1/org.postgresql/postgresql/42.7.10/35100a3f0899551e27af8fed4a3414619a4663b3/postgresql-42.7.10.jar;/C:/Users/andre/AppData/Roaming/JetBrains/IntelliJIdea2026.1/jmix/jdbc-drivers/PostgreSQL%202/42.7.3/org/postgresql/postgresql/42.7.3/postgresql-42.7.3.jar;/C:/Users/andre/AppData/Roaming/JetBrains/IntelliJIdea2026.1/jmix/jdbc-drivers/PostgreSQL%202/42.7.3/org/checkerframework/checker-qual/3.42.0/checker-qual-3.42.0.jar;/C:/Users/andre/AppData/Roaming/JetBrains/IntelliJIdea2026.1/jmix/jdbc-drivers/PostgreSQL%202/42.7.3/com/github/waffle/waffle-jna/1.9.1/waffle-jna-1.9.1.jar;/C:/Users/andre/AppData/Roaming/JetBrains/IntelliJIdea2026.1/jmix/jdbc-drivers/PostgreSQL%202/42.7.3/net/java/dev/jna/jna/4.5.1/jna-4.5.1.jar;/C:/Users/andre/AppData/Roaming/JetBrains/IntelliJIdea2026.1/jmix/jdbc-drivers/PostgreSQL%202/42.7.3/net/java/dev/jna/jna-platform/4.5.1/jna-platform-4.5.1.jar;/C:/Users/andre/AppData/Roaming/JetBrains/IntelliJIdea2026.1/jmix/jdbc-drivers/PostgreSQL%202/42.7.3/org/slf4j/jcl-over-slf4j/1.7.25/jcl-over-slf4j-1.7.25.jar;/C:/Users/andre/AppData/Roaming/JetBrains/IntelliJIdea2026.1/jmix/jdbc-drivers/PostgreSQL%202/42.7.3/org/slf4j/slf4j-api/1.7.25/slf4j-api-1.7.25.jar;/C:/Users/andre/AppData/Roaming/JetBrains/IntelliJIdea2026.1/jmix/jdbc-drivers/PostgreSQL%202/42.7.3/com/github/ben-manes/caffeine/caffeine/2.6.2/caffeine-2.6.2.jar;C:/Users/andre/Desktop/PROGETTI/cargoFlow/progetto/cargoflowJmix/src/main/resources;C:/Users/andre/Desktop/PROGETTI/cargoFlow/progetto/cargoflowJmix/build/vaadin-generated;C:/Users/andre/Desktop/PROGETTI/cargoFlow/progetto/cargoflowJmix/build/classes/java/main
PATH=C:\Program Files\Common Files\Oracle\Java\javapath;C:\Program Files (x86)\Common Files\Oracle\Java\java8path;C:\Program Files (x86)\Common Files\Oracle\Java\javapath;C:\windows\system32;C:\windows;C:\windows\System32\Wbem;C:\windows\System32\WindowsPowerShell\v1.0\;C:\windows\System32\OpenSSH\;C:\Program Files\Git\cmd;C:\Program Files\dotnet\;C:\wamp64\bin\php\php7.4.33;C:\ProgramData\ComposerSetup\bin;C:\Program Files\HP\HP One Agent;C:\Users\andre\Downloads\exiftool-13.21_64\exiftool-13.21_64;C:\WINDOWS\system32;C:\WINDOWS;C:\WINDOWS\System32\Wbem;C:\WINDOWS\System32\WindowsPowerShell\v1.0\;C:\WINDOWS\System32\OpenSSH\;C:\ProgramData\chocolatey\bin;C:\ProgramData\chocolatey\lib\maven\apache-maven-3.9.11\bin;C:\Program Files\nodejs\;C:\Program Files\Docker\Docker\resources\bin;C:\Program Files\MiKTeX\miktex\bin\x64\;C:\Users\andre\.cargo\bin;C:\Users\andre\AppData\Local\Microsoft\WindowsApps;C:\Users\andre\AppData\Local\Programs\Microsoft VS Code\bin;C:\Users\andre\AppData\Local\Programs\MiKTeX\miktex\bin\x64\;C:\Users\andre\AppData\Local\GitHubDesktop\bin;C:\Users\andre\AppData\Roaming\Composer\vendor\bin;C:\Program Files\WindowsApps\PythonSoftwareFoundation.Python.3.11_3.11.1264.0_x64__qbz5n2kfra8p0\Lib\site-packages;C:\Program Files\mingw32\bin;C:\Program Files (x86)\Nmap;C:\Program Files\Java\jdk-20\bin;C:\Users\andre\AppData\Roaming\npm;C:\Users\andre\AppData\Local\Pub\Cache\bin;C:\flutter\bin;
USERNAME=andre
OS=Windows_NT
PROCESSOR_IDENTIFIER=Intel64 Family 6 Model 154 Stepping 4, GenuineIntel
TMP=C:\Users\andre\AppData\Local\Temp
TEMP=C:\Users\andre\AppData\Local\Temp




Periodic native trim disabled

---------------  S Y S T E M  ---------------

OS:
 Windows 11 , 64 bit Build 26100 (10.0.26100.8328)
OS uptime: 3 days 0:59 hours
Hyper-V role detected

CPU: total 12 (initial active 12) (6 cores per cpu, 2 threads per core) family 6 model 154 stepping 4 microcode 0x42c, cx8, cmov, fxsr, ht, mmx, 3dnowpref, sse, sse2, sse3, ssse3, sse4.1, sse4.2, popcnt, lzcnt, tsc, tscinvbit, avx, avx2, aes, erms, clmul, bmi1, bmi2, adx, sha, fma, vzeroupper, clflush, clflushopt, clwb, hv, serialize, rdtscp, rdpid, fsrm, f16c, cet_ibt, cet_ss
Processor Information for processor 0
  Max Mhz: 1700, Current Mhz: 1700, Mhz Limit: 1700
Processor Information for processor 1
  Max Mhz: 1700, Current Mhz: 1700, Mhz Limit: 1700
Processor Information for processor 2
  Max Mhz: 1700, Current Mhz: 1700, Mhz Limit: 1700
Processor Information for processor 3
  Max Mhz: 1700, Current Mhz: 1700, Mhz Limit: 1700
Processor Information for processor 4
  Max Mhz: 1700, Current Mhz: 1200, Mhz Limit: 1190
Processor Information for processor 5
  Max Mhz: 1700, Current Mhz: 1200, Mhz Limit: 1190
Processor Information for processor 6
  Max Mhz: 1700, Current Mhz: 1200, Mhz Limit: 1190
Processor Information for processor 7
  Max Mhz: 1700, Current Mhz: 1200, Mhz Limit: 1190
Processor Information for processor 8
  Max Mhz: 1700, Current Mhz: 1200, Mhz Limit: 1190
Processor Information for processor 9
  Max Mhz: 1700, Current Mhz: 1200, Mhz Limit: 1190
Processor Information for processor 10
  Max Mhz: 1700, Current Mhz: 1200, Mhz Limit: 1190
Processor Information for processor 11
  Max Mhz: 1700, Current Mhz: 1200, Mhz Limit: 1190

Memory: 4k page, system-wide physical 16055M (1145M free)
TotalPageFile size 24247M (AvailPageFile size 271M)
current process WorkingSet (physical memory assigned to process): 14M, peak: 14M
current process commit charge ("private bytes"): 65M, peak: 317M

vm_info: Java HotSpot(TM) 64-Bit Server VM (21.0.9+7-LTS-338) for windows-amd64 JRE (21.0.9+7-LTS-338), built on 2025-09-26T06:33:49Z by "mach5run" with MS VC++ 17.6 (VS2022)

END.
